Archive member included because of file (symbol)

/usr/lib/gcc/avr/4.8.2/avr5/libgcc.a(_muluhisi3.o)
                              ./arduino/core/Stream.o (__muluhisi3)
/usr/lib/gcc/avr/4.8.2/avr5/libgcc.a(_mulshisi3.o)
                              ./GPS/TinyGPSPlus.o (__mulshisi3)
/usr/lib/gcc/avr/4.8.2/avr5/libgcc.a(_mulsi3.o)
                              ./arduino/core/WMath.o (__mulsi3)
/usr/lib/gcc/avr/4.8.2/avr5/libgcc.a(_divmodhi4.o)
                              ./arduino/core/HardwareSerial.o (__divmodhi4)
/usr/lib/gcc/avr/4.8.2/avr5/libgcc.a(_udivmodsi4.o)
                              ./arduino/core/HardwareSerial.o (__udivmodsi4)
/usr/lib/gcc/avr/4.8.2/avr5/libgcc.a(_divmodsi4.o)
                              ./arduino/core/WMath.o (__divmodsi4)
/usr/lib/gcc/avr/4.8.2/avr5/libgcc.a(_negsi2.o)
                              /usr/lib/gcc/avr/4.8.2/avr5/libgcc.a(_divmodsi4.o) (__negsi2)
/usr/lib/gcc/avr/4.8.2/avr5/libgcc.a(_exit.o)
                              /usr/lib/gcc/avr/4.8.2/../../../avr/lib/avr5/crtm328p.o (exit)
/usr/lib/gcc/avr/4.8.2/avr5/libgcc.a(_tablejump.o)
                              ./MAVLinkInterface/UDPInterface.o (__tablejump2__)
/usr/lib/gcc/avr/4.8.2/avr5/libgcc.a(_copy_data.o)
                              ./arduino/core/HardwareSerial.o (__do_copy_data)
/usr/lib/gcc/avr/4.8.2/avr5/libgcc.a(_clear_bss.o)
                              ./arduino/core/HardwareSerial0.o (__do_clear_bss)
/usr/lib/gcc/avr/4.8.2/avr5/libgcc.a(_ctors.o)
                              ./arduino/core/HardwareSerial0.o (__do_global_ctors)
/usr/lib/gcc/avr/4.8.2/avr5/libgcc.a(_dtors.o)
                              ./main.o (__do_global_dtors)
/usr/lib/gcc/avr/4.8.2/avr5/libgcc.a(_bswapsi2.o)
                              ./Ethernet/Dhcp.o (__bswapsi2)
/usr/lib/gcc/avr/4.8.2/avr5/libgcc.a(_umulhisi3.o)
                              /usr/lib/gcc/avr/4.8.2/avr5/libgcc.a(_muluhisi3.o) (__umulhisi3)
/usr/lib/gcc/avr/4.8.2/avr5/libgcc.a(_udivmodhi4.o)
                              /usr/lib/gcc/avr/4.8.2/avr5/libgcc.a(_divmodhi4.o) (__udivmodhi4)
/usr/lib/gcc/avr/4.8.2/../../../avr/lib/avr5/libm.a(addsf3.o)
                              ./arduino/core/Print.o (__subsf3)
/usr/lib/gcc/avr/4.8.2/../../../avr/lib/avr5/libm.a(addsf3x.o)
                              /usr/lib/gcc/avr/4.8.2/../../../avr/lib/avr5/libm.a(addsf3.o) (__addsf3x)
/usr/lib/gcc/avr/4.8.2/../../../avr/lib/avr5/libm.a(atan2.o)
                              ./GPS/TinyGPSPlus.o (atan2)
/usr/lib/gcc/avr/4.8.2/../../../avr/lib/avr5/libm.a(atan.o)
                              /usr/lib/gcc/avr/4.8.2/../../../avr/lib/avr5/libm.a(atan2.o) (atan)
/usr/lib/gcc/avr/4.8.2/../../../avr/lib/avr5/libm.a(cmpsf2.o)
                              ./arduino/core/Print.o (__ltsf2)
/usr/lib/gcc/avr/4.8.2/../../../avr/lib/avr5/libm.a(cos.o)
                              ./GPS/TinyGPSPlus.o (cos)
/usr/lib/gcc/avr/4.8.2/../../../avr/lib/avr5/libm.a(divsf3.o)
                              ./arduino/core/Print.o (__divsf3)
/usr/lib/gcc/avr/4.8.2/../../../avr/lib/avr5/libm.a(divsf3x.o)
                              /usr/lib/gcc/avr/4.8.2/../../../avr/lib/avr5/libm.a(divsf3.o) (__divsf3x)
/usr/lib/gcc/avr/4.8.2/../../../avr/lib/avr5/libm.a(fixsfsi.o)
                              ./arduino/core/Print.o (__fixsfsi)
/usr/lib/gcc/avr/4.8.2/../../../avr/lib/avr5/libm.a(fixunssfsi.o)
                              ./arduino/core/Print.o (__fixunssfsi)
/usr/lib/gcc/avr/4.8.2/../../../avr/lib/avr5/libm.a(floatsisf.o)
                              ./arduino/core/Print.o (__floatunsisf)
/usr/lib/gcc/avr/4.8.2/../../../avr/lib/avr5/libm.a(fp_cmp.o)
                              /usr/lib/gcc/avr/4.8.2/../../../avr/lib/avr5/libm.a(cmpsf2.o) (__fp_cmp)
/usr/lib/gcc/avr/4.8.2/../../../avr/lib/avr5/libm.a(fp_inf.o)
                              /usr/lib/gcc/avr/4.8.2/../../../avr/lib/avr5/libm.a(addsf3x.o) (__fp_inf)
/usr/lib/gcc/avr/4.8.2/../../../avr/lib/avr5/libm.a(fp_nan.o)
                              /usr/lib/gcc/avr/4.8.2/../../../avr/lib/avr5/libm.a(addsf3x.o) (__fp_nan)
/usr/lib/gcc/avr/4.8.2/../../../avr/lib/avr5/libm.a(fp_powser.o)
                              /usr/lib/gcc/avr/4.8.2/../../../avr/lib/avr5/libm.a(atan.o) (__fp_powser)
/usr/lib/gcc/avr/4.8.2/../../../avr/lib/avr5/libm.a(fp_pscA.o)
                              /usr/lib/gcc/avr/4.8.2/../../../avr/lib/avr5/libm.a(addsf3x.o) (__fp_pscA)
/usr/lib/gcc/avr/4.8.2/../../../avr/lib/avr5/libm.a(fp_pscB.o)
                              /usr/lib/gcc/avr/4.8.2/../../../avr/lib/avr5/libm.a(addsf3x.o) (__fp_pscB)
/usr/lib/gcc/avr/4.8.2/../../../avr/lib/avr5/libm.a(fp_rempio2.o)
                              /usr/lib/gcc/avr/4.8.2/../../../avr/lib/avr5/libm.a(cos.o) (__fp_rempio2)
/usr/lib/gcc/avr/4.8.2/../../../avr/lib/avr5/libm.a(fp_round.o)
                              /usr/lib/gcc/avr/4.8.2/../../../avr/lib/avr5/libm.a(addsf3.o) (__fp_round)
/usr/lib/gcc/avr/4.8.2/../../../avr/lib/avr5/libm.a(fp_sinus.o)
[...]
Memory Configuration

Name             Origin             Length             Attributes
text             0x0000000000000000 0x0000000000020000 xr
data             0x0000000000800060 0x000000000000ffa0 rw !x
eeprom           0x0000000000810000 0x0000000000010000 rw !x
fuse             0x0000000000820000 0x0000000000000400 rw !x
lock             0x0000000000830000 0x0000000000000400 rw !x
signature        0x0000000000840000 0x0000000000000400 rw !x
user_signatures  0x0000000000850000 0x0000000000000400 rw !x
*default*        0x0000000000000000 0xffffffffffffffff

Linker script and memory map

Address of section .data set to 0x800100
LOAD /usr/lib/gcc/avr/4.8.2/../../../avr/lib/avr5/crtm328p.o
LOAD ./arduino/core/CDC.o
LOAD ./arduino/core/HID.o
LOAD ./arduino/core/HardwareSerial.o
LOAD ./arduino/core/HardwareSerial0.o
LOAD ./arduino/core/HardwareSerial1.o
LOAD ./arduino/core/HardwareSerial2.o
LOAD ./arduino/core/HardwareSerial3.o
LOAD ./arduino/core/IPAddress.o
LOAD ./arduino/core/Print.o
LOAD ./arduino/core/SPI.o
LOAD ./arduino/core/Stream.o
LOAD ./arduino/core/Tone.o
LOAD ./arduino/core/USBCore.o
LOAD ./arduino/core/WInterrupts.o
LOAD ./arduino/core/WMath.o
LOAD ./arduino/core/WString.o
LOAD ./arduino/core/abi.o
LOAD ./arduino/core/hooks.o
LOAD ./arduino/core/main.o
LOAD ./arduino/core/new.o
LOAD ./arduino/core/wiring.o
LOAD ./arduino/core/wiring_analog.o
LOAD ./arduino/core/wiring_digital.o
LOAD ./arduino/core/wiring_pulse.o
LOAD ./arduino/core/wiring_shift.o
LOAD ./MAVLinkInterface/MAVLinkInterface.o
LOAD ./MAVLinkInterface/SerialInterface.o
LOAD ./MAVLinkInterface/UDPInterface.o
LOAD ./IMU/Chinese9DOF.o
LOAD ./IMU/IMU.o
LOAD ./I2C/I2C.o
LOAD ./GPS/GPS.o
LOAD ./GPS/SoftwareSerial.o
LOAD ./GPS/TinyGPSPlus.o
LOAD ./GPS/UBLOX.o
LOAD ./Ethernet/utility/socket.o
LOAD ./Ethernet/utility/w5100.o
LOAD ./Ethernet/Dhcp.o
LOAD ./Ethernet/Dns.o
LOAD ./Ethernet/Ethernet.o
LOAD ./Ethernet/EthernetClient.o
LOAD ./Ethernet/EthernetServer.o
LOAD ./Ethernet/EthernetUdp.o
LOAD ./Battery/Battery.o
LOAD ./main.o
LOAD /usr/lib/gcc/avr/4.8.2/avr5/libgcc.a
LOAD /usr/lib/gcc/avr/4.8.2/../../../avr/lib/avr5/libm.a
START GROUP
LOAD /usr/lib/gcc/avr/4.8.2/avr5/libgcc.a
LOAD /usr/lib/gcc/avr/4.8.2/../../../avr/lib/avr5/libm.a
LOAD /usr/lib/gcc/avr/4.8.2/../../../avr/lib/avr5/libc.a
END GROUP

.hash
 *(.hash)

.dynsym
 *(.dynsym)

.dynstr
 *(.dynstr)

.gnu.version
 *(.gnu.version)

.gnu.version_d
 *(.gnu.version_d)

.gnu.version_r
 *(.gnu.version_r)

.rel.init
 *(.rel.init)

.rela.init
 *(.rela.init)

.rel.text
 *(.rel.text)
 *(.rel.text.*)
 *(.rel.gnu.linkonce.t*)

.rela.text
 *(.rela.text)
 *(.rela.text.*)
 *(.rela.gnu.linkonce.t*)

.rel.fini
 *(.rel.fini)

.rela.fini
 *(.rela.fini)

.rel.rodata
 *(.rel.rodata)
 *(.rel.rodata.*)
 *(.rel.gnu.linkonce.r*)

.rela.rodata
 *(.rela.rodata)
 *(.rela.rodata.*)
 *(.rela.gnu.linkonce.r*)

.rel.data
 *(.rel.data)
 *(.rel.data.*)
 *(.rel.gnu.linkonce.d*)

.rela.data
 *(.rela.data)
 *(.rela.data.*)
 *(.rela.gnu.linkonce.d*)

.rel.ctors
 *(.rel.ctors)

.rela.ctors
 *(.rela.ctors)

.rel.dtors
 *(.rel.dtors)

.rela.dtors
 *(.rela.dtors)

.rel.got
 *(.rel.got)

.rela.got
 *(.rela.got)

.rel.bss
 *(.rel.bss)

.rela.bss
 *(.rela.bss)

.rel.plt
 *(.rel.plt)

.rela.plt
 *(.rela.plt)

.text           0x0000000000000000     0x3f52
 *(.vectors)
 .vectors       0x0000000000000000       0x68 /usr/lib/gcc/avr/4.8.2/../../../avr/lib/avr5/crtm328p.o
                0x0000000000000000                __vectors
                0x0000000000000000                __vector_default
 *(.vectors)
 *(.progmem.gcc*)
 .progmem.gcc_sw_table._ZN11TinyGPSPlus16endOfTermHandlerEv
                0x0000000000000068       0x52 ./GPS/TinyGPSPlus.o
 *(.progmem*)
 .progmem.data._ZL21tone_pin_to_timer_PGM
                0x00000000000000ba        0x1 ./arduino/core/Tone.o
 .progmem.data.digital_pin_to_timer_PGM
                0x00000000000000bb       0x14 ./arduino/core/wiring_digital.o
                0x00000000000000bb                digital_pin_to_timer_PGM
 .progmem.data.digital_pin_to_bit_mask_PGM
                0x00000000000000cf       0x14 ./arduino/core/wiring_digital.o
                0x00000000000000cf                digital_pin_to_bit_mask_PGM
 .progmem.data.digital_pin_to_port_PGM
                0x00000000000000e3       0x14 ./arduino/core/wiring_digital.o
                0x00000000000000e3                digital_pin_to_port_PGM
 .progmem.data.port_to_input_PGM
                0x00000000000000f7        0xa ./arduino/core/wiring_digital.o
                0x00000000000000f7                port_to_input_PGM
 .progmem.data.port_to_output_PGM
                0x0000000000000101        0xa ./arduino/core/wiring_digital.o
                0x0000000000000101                port_to_output_PGM
 .progmem.data.port_to_mode_PGM
                0x000000000000010b        0xa ./arduino/core/wiring_digital.o
                0x000000000000010b                port_to_mode_PGM
 .progmem.data._ZL5table
                0x0000000000000115       0x9c ./GPS/SoftwareSerial.o
                0x00000000000001b2                . = ALIGN (0x2)
 *fill*         0x00000000000001b1        0x1 
                0x00000000000001b2                __trampolines_start = .
 *(.trampolines)
 .trampolines   0x00000000000001b2        0x0 linker stubs
 *(.trampolines*)
                0x00000000000001b2                __trampolines_end = .
 *(.jumptables)
 *(.jumptables*)
 *(.lowtext)
 *(.lowtext*)
                0x00000000000001b2                __ctors_start = .
 *(.ctors)
 .ctors         0x00000000000001b2        0x2 ./arduino/core/HardwareSerial0.o
 .ctors         0x00000000000001b4        0x2 ./arduino/core/IPAddress.o
 .ctors         0x00000000000001b6        0x2 ./MAVLinkInterface/UDPInterface.o
 .ctors         0x00000000000001b8        0x2 ./Ethernet/Dhcp.o
 .ctors         0x00000000000001ba        0x2 ./Ethernet/Dns.o
 .ctors         0x00000000000001bc        0x2 ./Ethernet/Ethernet.o
 .ctors         0x00000000000001be        0x2 ./Ethernet/EthernetClient.o
 .ctors         0x00000000000001c0        0x2 ./Ethernet/EthernetServer.o
 .ctors         0x00000000000001c2        0x2 ./Ethernet/EthernetUdp.o
 .ctors         0x00000000000001c4        0x2 ./main.o
                0x00000000000001c6                __ctors_end = .
                0x00000000000001c6                __dtors_start = .
 *(.dtors)
 .dtors         0x00000000000001c6        0x2 ./main.o
                0x00000000000001c8                __dtors_end = .
 SORT(*)(.ctors)
 SORT(*)(.dtors)
 *(.init0)
 .init0         0x00000000000001c8        0x0 /usr/lib/gcc/avr/4.8.2/../../../avr/lib/avr5/crtm328p.o
                0x00000000000001c8                __init
 *(.init0)
 *(.init1)
 *(.init1)
 *(.init2)
 .init2         0x00000000000001c8        0xc /usr/lib/gcc/avr/4.8.2/../../../avr/lib/avr5/crtm328p.o
 *(.init2)
 *(.init3)
 *(.init3)
 *(.init4)
 .init4         0x00000000000001d4       0x16 /usr/lib/gcc/avr/4.8.2/avr5/libgcc.a(_copy_data.o)
                0x00000000000001d4                __do_copy_data
 .init4         0x00000000000001ea       0x10 /usr/lib/gcc/avr/4.8.2/avr5/libgcc.a(_clear_bss.o)
                0x00000000000001ea                __do_clear_bss
 *(.init4)
 *(.init5)
 *(.init5)
 *(.init6)
 .init6         0x00000000000001fa       0x16 /usr/lib/gcc/avr/4.8.2/avr5/libgcc.a(_ctors.o)
                0x00000000000001fa                __do_global_ctors
 *(.init6)
 *(.init7)
 *(.init7)
 *(.init8)
 *(.init8)
 *(.init9)
 .init9         0x0000000000000210        0x6 /usr/lib/gcc/avr/4.8.2/../../../avr/lib/avr5/crtm328p.o
 *(.init9)
 *(.text)
 .text          0x0000000000000216        0x2 /usr/lib/gcc/avr/4.8.2/../../../avr/lib/avr5/crtm328p.o
                0x0000000000000216                __vector_22
                0x0000000000000216                __vector_24
                0x0000000000000216                __vector_12
                0x0000000000000216                __bad_interrupt
                0x0000000000000216                __vector_6
                0x0000000000000216                __vector_23
                0x0000000000000216                __vector_25
                0x0000000000000216                __vector_11
                0x0000000000000216                __vector_13
                0x0000000000000216                __vector_17
                0x0000000000000216                __vector_9
                0x0000000000000216                __vector_21
                0x0000000000000216                __vector_15
                0x0000000000000216                __vector_8
                0x0000000000000216                __vector_14
                0x0000000000000216                __vector_10
                0x0000000000000216                __vector_20
                0x0000000000000218                . = ALIGN (0x2)
 *(.text.*)
 .text._ZN14HardwareSerial9availableEv
                0x0000000000000218       0x18 ./arduino/core/HardwareSerial.o
                0x0000000000000218                _ZN14HardwareSerial9availableEv
 .text._ZN14HardwareSerial4peekEv
                0x0000000000000230       0x1c ./arduino/core/HardwareSerial.o
                0x0000000000000230                _ZN14HardwareSerial4peekEv
 .text._ZN14HardwareSerial4readEv
                0x000000000000024c       0x28 ./arduino/core/HardwareSerial.o
                0x000000000000024c                _ZN14HardwareSerial4readEv
 .text._Z14serialEventRunv
                0x0000000000000274       0x1a ./arduino/core/HardwareSerial.o
                0x0000000000000274                _Z14serialEventRunv
 .text._ZN14HardwareSerial17_tx_udr_empty_irqEv
                0x000000000000028e       0x42 ./arduino/core/HardwareSerial.o
                0x000000000000028e                _ZN14HardwareSerial17_tx_udr_empty_irqEv
 .text._ZN14HardwareSerial5flushEv
                0x00000000000002d0       0x42 ./arduino/core/HardwareSerial.o
                0x00000000000002d0                _ZN14HardwareSerial5flushEv
 .text._ZN14HardwareSerial5writeEh
                0x0000000000000312       0xc8 ./arduino/core/HardwareSerial.o
                0x0000000000000312                _ZN14HardwareSerial5writeEh
 .text._ZN14HardwareSerial5beginEmh
                0x00000000000003da       0xc4 ./arduino/core/HardwareSerial.o
                0x00000000000003da                _ZN14HardwareSerial5beginEmh
 .text.__vector_18
                0x000000000000049e       0x64 ./arduino/core/HardwareSerial0.o
                0x000000000000049e                __vector_18
 .text.__vector_19
                0x0000000000000502       0x4a ./arduino/core/HardwareSerial0.o
                0x0000000000000502                __vector_19
 .text._Z17Serial0_availablev
                0x000000000000054c       0x12 ./arduino/core/HardwareSerial0.o
                0x000000000000054c                _Z17Serial0_availablev
 .text.startup._GLOBAL__sub_I___vector_18
                0x000000000000055e       0x86 ./arduino/core/HardwareSerial0.o
 .text._ZNK9IPAddress7printToER5Print
                0x00000000000005e4       0x6e ./arduino/core/IPAddress.o
                0x00000000000005e4                _ZNK9IPAddress7printToER5Print
 .text._ZN9IPAddressC2Ev
                0x0000000000000652       0x14 ./arduino/core/IPAddress.o
                0x0000000000000652                _ZN9IPAddressC2Ev
                0x0000000000000652                _ZN9IPAddressC1Ev
 .text._ZN9IPAddressC2Ehhhh
                0x0000000000000666       0x18 ./arduino/core/IPAddress.o
                0x0000000000000666                _ZN9IPAddressC1Ehhhh
                0x0000000000000666                _ZN9IPAddressC2Ehhhh
 .text._ZN9IPAddressaSEPKh
                0x000000000000067e       0x16 ./arduino/core/IPAddress.o
                0x000000000000067e                _ZN9IPAddressaSEPKh
 .text.startup._GLOBAL__sub_I__ZN9IPAddressC2Ev
                0x0000000000000694       0x1e ./arduino/core/IPAddress.o
 .text._ZN5Print5writeEPKhj
                0x00000000000006b2       0x50 ./arduino/core/Print.o
                0x00000000000006b2                _ZN5Print5writeEPKhj
 .text._ZN5Print5writeEPKc
                0x0000000000000702       0x2c ./arduino/core/Print.o
                0x0000000000000702                _ZN5Print5writeEPKc
 .text._ZN5Print5printEc
                0x000000000000072e        0xe ./arduino/core/Print.o
                0x000000000000072e                _ZN5Print5printEc
 .text._ZN5Print11printNumberEmh
                0x000000000000073c       0xb0 ./arduino/core/Print.o
                0x000000000000073c                _ZN5Print11printNumberEmh
 .text._ZN5Print5printEmi
                0x00000000000007ec       0x18 ./arduino/core/Print.o
                0x00000000000007ec                _ZN5Print5printEmi
 .text._ZN5Print5printEhi
                0x0000000000000804        0xc ./arduino/core/Print.o
                0x0000000000000804                _ZN5Print5printEhi
 .text._Z12disableTimerh
                0x0000000000000810       0x40 ./arduino/core/Tone.o
                0x0000000000000810                _Z12disableTimerh
 .text._Z6noToneh
                0x0000000000000850       0x26 ./arduino/core/Tone.o
                0x0000000000000850                _Z6noToneh
 .text.__vector_7
                0x0000000000000876       0xb6 ./arduino/core/Tone.o
                0x0000000000000876                __vector_7
 .text.__vector_1
                0x000000000000092c       0x5a ./arduino/core/WInterrupts.o
                0x000000000000092c                __vector_1
 .text.__vector_2
                0x0000000000000986       0x5a ./arduino/core/WInterrupts.o
                0x0000000000000986                __vector_2
 .text.__cxa_pure_virtual
                0x00000000000009e0        0x4 ./arduino/core/abi.o
                0x00000000000009e0                __cxa_pure_virtual
 .text.__empty  0x00000000000009e4        0x2 ./arduino/core/hooks.o
                0x00000000000009e4                yield
 .text.initVariant
                0x00000000000009e6        0x2 ./arduino/core/main.o
                0x00000000000009e6                initVariant
 .text.startup.main
                0x00000000000009e8       0x18 ./arduino/core/main.o
                0x00000000000009e8                main
 .text._ZdlPv   0x0000000000000a00        0x4 ./arduino/core/new.o
                0x0000000000000a00                _ZdlPv
 .text.__vector_16
                0x0000000000000a04       0x94 ./arduino/core/wiring.o
                0x0000000000000a04                __vector_16
 .text.millis   0x0000000000000a98       0x18 ./arduino/core/wiring.o
                0x0000000000000a98                millis
 .text.micros   0x0000000000000ab0       0x46 ./arduino/core/wiring.o
                0x0000000000000ab0                micros
 .text.delay    0x0000000000000af6       0x4a ./arduino/core/wiring.o
                0x0000000000000af6                delay
 .text.init     0x0000000000000b40       0x76 ./arduino/core/wiring.o
                0x0000000000000b40                init
 .text.turnOffPWM
                0x0000000000000bb6       0x52 ./arduino/core/wiring_digital.o
 .text.pinMode  0x0000000000000c08       0x72 ./arduino/core/wiring_digital.o
                0x0000000000000c08                pinMode
 .text.digitalWrite
                0x0000000000000c7a       0x6a ./arduino/core/wiring_digital.o
                0x0000000000000c7a                digitalWrite
 .text._ZN16MAVLinkInterfaceD2Ev
                0x0000000000000ce4        0xc ./MAVLinkInterface/MAVLinkInterface.o
                0x0000000000000ce4                _ZN16MAVLinkInterfaceD1Ev
                0x0000000000000ce4                _ZN16MAVLinkInterfaceD2Ev
 .text._ZN16MAVLinkInterfaceD0Ev
                0x0000000000000cf0        0xc ./MAVLinkInterface/MAVLinkInterface.o
                0x0000000000000cf0                _ZN16MAVLinkInterfaceD0Ev
 .text._ZN16MAVLinkInterfaceC2Ev
                0x0000000000000cfc        0xc ./MAVLinkInterface/MAVLinkInterface.o
                0x0000000000000cfc                _ZN16MAVLinkInterfaceC2Ev
                0x0000000000000cfc                _ZN16MAVLinkInterfaceC1Ev
 .text._ZN15SerialInterface4sendEPKhj
                0x0000000000000d08       0x14 ./MAVLinkInterface/SerialInterface.o
                0x0000000000000d08                _ZN15SerialInterface4sendEPKhj
 .text._ZN15SerialInterface4readEv
                0x0000000000000d1c        0x4 ./MAVLinkInterface/SerialInterface.o
                0x0000000000000d1c                _ZN15SerialInterface4readEv
 .text._ZN15SerialInterfaceD2Ev
                0x0000000000000d20        0xc ./MAVLinkInterface/SerialInterface.o
                0x0000000000000d20                _ZN15SerialInterfaceD1Ev
                0x0000000000000d20                _ZN15SerialInterfaceD2Ev
 .text._ZN15SerialInterfaceD0Ev
                0x0000000000000d2c       0x10 ./MAVLinkInterface/SerialInterface.o
                0x0000000000000d2c                _ZN15SerialInterfaceD0Ev
 .text._ZN15SerialInterfaceC2Ev
                0x0000000000000d3c       0x16 ./MAVLinkInterface/SerialInterface.o
                0x0000000000000d3c                _ZN15SerialInterfaceC2Ev
                0x0000000000000d3c                _ZN15SerialInterfaceC1Ev
 .text.startup._GLOBAL__sub_I_UDP
                0x0000000000000d52       0x1a ./MAVLinkInterface/UDPInterface.o
 .text._ZN11Chinese9DOF14get_velocity_xEv
                0x0000000000000d6c        0xa ./IMU/Chinese9DOF.o
                0x0000000000000d6c                _ZN11Chinese9DOF14get_velocity_xEv
 .text._ZN11Chinese9DOF14get_velocity_yEv
                0x0000000000000d76        0xa ./IMU/Chinese9DOF.o
                0x0000000000000d76                _ZN11Chinese9DOF14get_velocity_yEv
 .text._ZN11Chinese9DOF14get_velocity_zEv
                0x0000000000000d80        0x8 ./IMU/Chinese9DOF.o
                0x0000000000000d80                _ZN11Chinese9DOF14get_velocity_zEv
 .text._ZN11Chinese9DOF12get_altitudeEv
                0x0000000000000d88        0xa ./IMU/Chinese9DOF.o
                0x0000000000000d88                _ZN11Chinese9DOF12get_altitudeEv
 .text._ZN11Chinese9DOF8get_rollEv
                0x0000000000000d92        0xa ./IMU/Chinese9DOF.o
                0x0000000000000d92                _ZN11Chinese9DOF8get_rollEv
 .text._ZN11Chinese9DOF9get_pitchEv
                0x0000000000000d9c        0xa ./IMU/Chinese9DOF.o
                0x0000000000000d9c                _ZN11Chinese9DOF9get_pitchEv
 .text._ZN11Chinese9DOF7get_yawEv
                0x0000000000000da6        0xa ./IMU/Chinese9DOF.o
                0x0000000000000da6                _ZN11Chinese9DOF7get_yawEv
 .text._ZN11Chinese9DOF14get_roll_speedEv
                0x0000000000000db0        0x8 ./IMU/Chinese9DOF.o
                0x0000000000000db0                _ZN11Chinese9DOF14get_roll_speedEv
 .text._ZN11Chinese9DOF15get_pitch_speedEv
                0x0000000000000db8        0x8 ./IMU/Chinese9DOF.o
                0x0000000000000db8                _ZN11Chinese9DOF15get_pitch_speedEv
 .text._ZN11Chinese9DOF13get_yaw_speedEv
                0x0000000000000dc0        0x8 ./IMU/Chinese9DOF.o
                0x0000000000000dc0                _ZN11Chinese9DOF13get_yaw_speedEv
 .text._ZN11Chinese9DOFD2Ev
                0x0000000000000dc8        0xc ./IMU/Chinese9DOF.o
                0x0000000000000dc8                _ZN11Chinese9DOFD1Ev
                0x0000000000000dc8                _ZN11Chinese9DOFD2Ev
 .text._ZN11Chinese9DOFD0Ev
                0x0000000000000dd4       0x10 ./IMU/Chinese9DOF.o
                0x0000000000000dd4                _ZN11Chinese9DOFD0Ev
 .text._ZN11Chinese9DOFC2Ev
                0x0000000000000de4       0x16 ./IMU/Chinese9DOF.o
                0x0000000000000de4                _ZN11Chinese9DOFC2Ev
                0x0000000000000de4                _ZN11Chinese9DOFC1Ev
 .text._ZN3IMUD2Ev
                0x0000000000000dfa        0xc ./IMU/IMU.o
                0x0000000000000dfa                _ZN3IMUD1Ev
                0x0000000000000dfa                _ZN3IMUD2Ev
 .text._ZN3IMUD0Ev
                0x0000000000000e06        0xc ./IMU/IMU.o
                0x0000000000000e06                _ZN3IMUD0Ev
 .text._ZN3IMUC2Ev
                0x0000000000000e12        0xc ./IMU/IMU.o
                0x0000000000000e12                _ZN3IMUC2Ev
                0x0000000000000e12                _ZN3IMUC1Ev
 .text._ZN3GPSD2Ev
                0x0000000000000e1e        0xc ./GPS/GPS.o
                0x0000000000000e1e                _ZN3GPSD2Ev
                0x0000000000000e1e                _ZN3GPSD1Ev
 .text._ZN3GPSD0Ev
                0x0000000000000e2a        0xc ./GPS/GPS.o
                0x0000000000000e2a                _ZN3GPSD0Ev
 .text._ZN3GPSC2Ev
                0x0000000000000e36        0xc ./GPS/GPS.o
                0x0000000000000e36                _ZN3GPSC2Ev
                0x0000000000000e36                _ZN3GPSC1Ev
 .text._ZN14SoftwareSerial4readEv
                0x0000000000000e42       0x42 ./GPS/SoftwareSerial.o
                0x0000000000000e42                _ZN14SoftwareSerial4readEv
 .text._ZN14SoftwareSerial4peekEv
                0x0000000000000e84       0x30 ./GPS/SoftwareSerial.o
                0x0000000000000e84                _ZN14SoftwareSerial4peekEv
 .text._ZN14SoftwareSerial9availableEv
                0x0000000000000eb4       0x2e ./GPS/SoftwareSerial.o
                0x0000000000000eb4                _ZN14SoftwareSerial9availableEv
 .text._ZN14SoftwareSerial5flushEv
                0x0000000000000ee2       0x1e ./GPS/SoftwareSerial.o
                0x0000000000000ee2                _ZN14SoftwareSerial5flushEv
 .text._ZN14SoftwareSerial12tx_pin_writeEh.part.4
                0x0000000000000f00       0x18 ./GPS/SoftwareSerial.o
 .text._ZN14SoftwareSerial10tunedDelayEj
                0x0000000000000f18        0xe ./GPS/SoftwareSerial.o
                0x0000000000000f18                _ZN14SoftwareSerial10tunedDelayEj
 .text._ZN14SoftwareSerial6listenEv
                0x0000000000000f26       0x34 ./GPS/SoftwareSerial.o
                0x0000000000000f26                _ZN14SoftwareSerial6listenEv
 .text._ZN14SoftwareSerial4recvEv
                0x0000000000000f5a       0xb8 ./GPS/SoftwareSerial.o
                0x0000000000000f5a                _ZN14SoftwareSerial4recvEv
 .text._ZN14SoftwareSerial12tx_pin_writeEh
                0x0000000000001012       0x1c ./GPS/SoftwareSerial.o
                0x0000000000001012                _ZN14SoftwareSerial12tx_pin_writeEh
 .text._ZN14SoftwareSerial5writeEh
                0x000000000000102e       0xbc ./GPS/SoftwareSerial.o
                0x000000000000102e                _ZN14SoftwareSerial5writeEh
 .text._ZN14SoftwareSerial16handle_interruptEv
                0x00000000000010ea       0x10 ./GPS/SoftwareSerial.o
                0x00000000000010ea                _ZN14SoftwareSerial16handle_interruptEv
 .text.__vector_3
                0x00000000000010fa       0x46 ./GPS/SoftwareSerial.o
                0x00000000000010fa                __vector_3
 .text.__vector_4
                0x0000000000001140       0x46 ./GPS/SoftwareSerial.o
                0x0000000000001140                __vector_4
 .text.__vector_5
                0x0000000000001186       0x46 ./GPS/SoftwareSerial.o
                0x0000000000001186                __vector_5
 .text._ZN14SoftwareSerial5setTXEh
                0x00000000000011cc       0x4e ./GPS/SoftwareSerial.o
                0x00000000000011cc                _ZN14SoftwareSerial5setTXEh
 .text._ZN14SoftwareSerial5setRXEh
                0x000000000000121a       0x4e ./GPS/SoftwareSerial.o
                0x000000000000121a                _ZN14SoftwareSerial5setRXEh
 .text._ZN14SoftwareSerialC2Ehhb
                0x0000000000001268       0x5c ./GPS/SoftwareSerial.o
                0x0000000000001268                _ZN14SoftwareSerialC2Ehhb
                0x0000000000001268                _ZN14SoftwareSerialC1Ehhb
 .text._ZN14SoftwareSerial5beginEl
                0x00000000000012c4      0x122 ./GPS/SoftwareSerial.o
                0x00000000000012c4                _ZN14SoftwareSerial5beginEl
 .text._ZN14SoftwareSerial3endEv
                0x00000000000013e6       0x5e ./GPS/SoftwareSerial.o
                0x00000000000013e6                _ZN14SoftwareSerial3endEv
 .text._ZN14SoftwareSerialD2Ev
                0x0000000000001444        0xc ./GPS/SoftwareSerial.o
                0x0000000000001444                _ZN14SoftwareSerialD2Ev
                0x0000000000001444                _ZN14SoftwareSerialD1Ev
 .text._ZN11TinyGPSPlusC2Ev
                0x0000000000001450      0x160 ./GPS/TinyGPSPlus.o
                0x0000000000001450                _ZN11TinyGPSPlusC1Ev
                0x0000000000001450                _ZN11TinyGPSPlusC2Ev
 .text._ZN11TinyGPSPlus7fromHexEc
                0x00000000000015b0       0x20 ./GPS/TinyGPSPlus.o
                0x00000000000015b0                _ZN11TinyGPSPlus7fromHexEc
 .text._ZN11TinyGPSPlus12parseDecimalEPKc
                0x00000000000015d0       0xaa ./GPS/TinyGPSPlus.o
                0x00000000000015d0                _ZN11TinyGPSPlus12parseDecimalEPKc
 .text._ZN11TinyGPSPlus12parseDegreesEPKcR10RawDegrees
                0x000000000000167a      0x108 ./GPS/TinyGPSPlus.o
                0x000000000000167a                _ZN11TinyGPSPlus12parseDegreesEPKcR10RawDegrees
 .text._ZN15TinyGPSLocation6commitEv
                0x0000000000001782       0x40 ./GPS/TinyGPSPlus.o
                0x0000000000001782                _ZN15TinyGPSLocation6commitEv
 .text._ZN15TinyGPSLocation3latEv
                0x00000000000017c2       0x58 ./GPS/TinyGPSPlus.o
                0x00000000000017c2                _ZN15TinyGPSLocation3latEv
 .text._ZN15TinyGPSLocation3lngEv
                0x000000000000181a       0x58 ./GPS/TinyGPSPlus.o
                0x000000000000181a                _ZN15TinyGPSLocation3lngEv
 .text._ZN11TinyGPSDate6commitEv
                0x0000000000001872       0x2c ./GPS/TinyGPSPlus.o
                0x0000000000001872                _ZN11TinyGPSDate6commitEv
 .text._ZN11TinyGPSTime6commitEv
                0x000000000000189e       0x2c ./GPS/TinyGPSPlus.o
                0x000000000000189e                _ZN11TinyGPSTime6commitEv
 .text._ZN11TinyGPSTime7setTimeEPKc
                0x00000000000018ca       0x18 ./GPS/TinyGPSPlus.o
                0x00000000000018ca                _ZN11TinyGPSTime7setTimeEPKc
 .text._ZN11TinyGPSDate7setDateEPKc
                0x00000000000018e2       0x1a ./GPS/TinyGPSPlus.o
                0x00000000000018e2                _ZN11TinyGPSDate7setDateEPKc
 .text._ZN14TinyGPSDecimal6commitEv
                0x00000000000018fc       0x2c ./GPS/TinyGPSPlus.o
                0x00000000000018fc                _ZN14TinyGPSDecimal6commitEv
 .text._ZN14TinyGPSDecimal3setEPKc
                0x0000000000001928       0x18 ./GPS/TinyGPSPlus.o
                0x0000000000001928                _ZN14TinyGPSDecimal3setEPKc
 .text._ZN14TinyGPSInteger6commitEv
                0x0000000000001940       0x2c ./GPS/TinyGPSPlus.o
                0x0000000000001940                _ZN14TinyGPSInteger6commitEv
 .text._ZN14TinyGPSInteger3setEPKc
                0x000000000000196c       0x1a ./GPS/TinyGPSPlus.o
                0x000000000000196c                _ZN14TinyGPSInteger3setEPKc
 .text._ZN13TinyGPSCustom6commitEv
                0x0000000000001986       0x24 ./GPS/TinyGPSPlus.o
                0x0000000000001986                _ZN13TinyGPSCustom6commitEv
 .text._ZN13TinyGPSCustom3setEPKc
                0x00000000000019aa        0x8 ./GPS/TinyGPSPlus.o
                0x00000000000019aa                _ZN13TinyGPSCustom3setEPKc
 .text._ZN11TinyGPSPlus16endOfTermHandlerEv
                0x00000000000019b2      0x30e ./GPS/TinyGPSPlus.o
                0x00000000000019b2                _ZN11TinyGPSPlus16endOfTermHandlerEv
 .text._ZN11TinyGPSPlus6encodeEc
                0x0000000000001cc0      0x118 ./GPS/TinyGPSPlus.o
                0x0000000000001cc0                _ZN11TinyGPSPlus6encodeEc
 .text._ZN5UBLOXD2Ev
                0x0000000000001dd8       0x22 ./GPS/UBLOX.o
                0x0000000000001dd8                _ZN5UBLOXD1Ev
                0x0000000000001dd8                _ZN5UBLOXD2Ev
 .text._ZN5UBLOXD0Ev
                0x0000000000001dfa       0x12 ./GPS/UBLOX.o
                0x0000000000001dfa                _ZN5UBLOXD0Ev
 .text._ZN5UBLOX7get_latEv
                0x0000000000001e0c        0x8 ./GPS/UBLOX.o
                0x0000000000001e0c                _ZN5UBLOX7get_latEv
 .text._ZN5UBLOX7get_lngEv
                0x0000000000001e14        0x8 ./GPS/UBLOX.o
                0x0000000000001e14                _ZN5UBLOX7get_lngEv
 .text._ZN5UBLOXC2ERKhS1_RKm
                0x0000000000001e1c       0x60 ./GPS/UBLOX.o
                0x0000000000001e1c                _ZN5UBLOXC2ERKhS1_RKm
                0x0000000000001e1c                _ZN5UBLOXC1ERKhS1_RKm
 .text._ZN5UBLOX16check_and_updateEv
                0x0000000000001e7c       0x34 ./GPS/UBLOX.o
                0x0000000000001e7c                _ZN5UBLOX16check_and_updateEv
 .text._ZN11SPISettingsC2Emhh
                0x0000000000001eb0       0x64 ./Ethernet/utility/socket.o
                0x0000000000001eb0                _ZN11SPISettingsC2Emhh
                0x0000000000001eb0                _ZN11SPISettingsC1Emhh
 .text._ZN8SPIClass16beginTransactionE11SPISettings
                0x0000000000001f14       0x2e ./Ethernet/utility/socket.o
                0x0000000000001f14                _ZN8SPIClass16beginTransactionE11SPISettings
 .text._ZN8SPIClass14endTransactionEv
                0x0000000000001f42       0x18 ./Ethernet/utility/socket.o
                0x0000000000001f42                _ZN8SPIClass14endTransactionEv
 .text._ZN10W5100Class11writeSnDIPREhPh
                0x0000000000001f5a       0x10 ./Ethernet/utility/socket.o
                0x0000000000001f5a                _ZN10W5100Class11writeSnDIPREhPh
 .text._ZN10W5100Class6readSnEhj
                0x0000000000001f6a       0x12 ./Ethernet/utility/socket.o
                0x0000000000001f6a                _ZN10W5100Class6readSnEhj
 .text._ZN10W5100Class8readSnIREh
                0x0000000000001f7c        0x6 ./Ethernet/utility/socket.o
                0x0000000000001f7c                _ZN10W5100Class8readSnIREh
 .text._ZN10W5100Class7writeSnEhjh
                0x0000000000001f82       0x16 ./Ethernet/utility/socket.o
                0x0000000000001f82                _ZN10W5100Class7writeSnEhjh
 .text._ZN10W5100Class11writeSnPORTEhj
                0x0000000000001f98       0x1e ./Ethernet/utility/socket.o
                0x0000000000001f98                _ZN10W5100Class11writeSnPORTEhj
 .text._ZN10W5100Class9writeSnIREhh
                0x0000000000001fb6        0x8 ./Ethernet/utility/socket.o
                0x0000000000001fb6                _ZN10W5100Class9writeSnIREhh
 .text._ZN10W5100Class12writeSnDPORTEhj
                0x0000000000001fbe       0x1e ./Ethernet/utility/socket.o
                0x0000000000001fbe                _ZN10W5100Class12writeSnDPORTEhj
 .text._Z12socketStatush
                0x0000000000001fdc       0x48 ./Ethernet/utility/socket.o
                0x0000000000001fdc                _Z12socketStatush
 .text._Z5closeh
                0x0000000000002024       0x48 ./Ethernet/utility/socket.o
                0x0000000000002024                _Z5closeh
 .text._Z6sockethhjh
                0x000000000000206c       0x98 ./Ethernet/utility/socket.o
                0x000000000000206c                _Z6sockethhjh
 .text._Z4recvhPhi
                0x0000000000002104       0xb0 ./Ethernet/utility/socket.o
                0x0000000000002104                _Z4recvhPhi
 .text._Z13recvAvailableh
                0x00000000000021b4       0x4e ./Ethernet/utility/socket.o
                0x00000000000021b4                _Z13recvAvailableh
 .text._Z4peekhPh
                0x0000000000002202       0x56 ./Ethernet/utility/socket.o
                0x0000000000002202                _Z4peekhPh
 .text._Z10bufferDatahjPKhj
                0x0000000000002258       0x82 ./Ethernet/utility/socket.o
                0x0000000000002258                _Z10bufferDatahjPKhj
 .text._Z8startUDPhPhj
                0x00000000000022da       0x82 ./Ethernet/utility/socket.o
                0x00000000000022da                _Z8startUDPhPhj
 .text._Z7sendUDPh
                0x000000000000235c       0x8a ./Ethernet/utility/socket.o
                0x000000000000235c                _Z7sendUDPh
 .text._ZN8SPIClass8transferEh
                0x00000000000023e6        0xe ./Ethernet/utility/w5100.o
                0x00000000000023e6                _ZN8SPIClass8transferEh
 .text._ZN10W5100Class5setSSEv
                0x00000000000023f4        0x4 ./Ethernet/utility/w5100.o
                0x00000000000023f4                _ZN10W5100Class5setSSEv
 .text._ZN10W5100Class7resetSSEv
                0x00000000000023f8        0x4 ./Ethernet/utility/w5100.o
                0x00000000000023f8                _ZN10W5100Class7resetSSEv
 .text._ZN10W5100Class5writeEjh
                0x00000000000023fc       0x38 ./Ethernet/utility/w5100.o
                0x00000000000023fc                _ZN10W5100Class5writeEjh
 .text._ZN10W5100Class5writeEjPKhj
                0x0000000000002434       0x52 ./Ethernet/utility/w5100.o
                0x0000000000002434                _ZN10W5100Class5writeEjPKhj
 .text._ZN10W5100Class4readEj
                0x0000000000002486       0x34 ./Ethernet/utility/w5100.o
                0x0000000000002486                _ZN10W5100Class4readEj
 .text._ZN10W5100Class12readSnTX_FSREh
                0x00000000000024ba       0x2c ./Ethernet/utility/w5100.o
                0x00000000000024ba                _ZN10W5100Class12readSnTX_FSREh
 .text._ZN10W5100Class13getTXFreeSizeEh
                0x00000000000024e6       0x34 ./Ethernet/utility/w5100.o
                0x00000000000024e6                _ZN10W5100Class13getTXFreeSizeEh
 .text._ZN10W5100Class12readSnRX_RSREh
                0x000000000000251a       0x2c ./Ethernet/utility/w5100.o
                0x000000000000251a                _ZN10W5100Class12readSnRX_RSREh
 .text._ZN10W5100Class17getRXReceivedSizeEh
                0x0000000000002546       0x34 ./Ethernet/utility/w5100.o
                0x0000000000002546                _ZN10W5100Class17getRXReceivedSizeEh
 .text._ZN10W5100Class27send_data_processing_offsetEhjPKhj
                0x000000000000257a       0xd2 ./Ethernet/utility/w5100.o
                0x000000000000257a                _ZN10W5100Class27send_data_processing_offsetEhjPKhj
 .text._ZN10W5100Class4readEjPhj
                0x000000000000264c       0x54 ./Ethernet/utility/w5100.o
                0x000000000000264c                _ZN10W5100Class4readEjPhj
 .text._ZN10W5100Class9read_dataEhjPVhj
                0x00000000000026a0       0x8c ./Ethernet/utility/w5100.o
                0x00000000000026a0                _ZN10W5100Class9read_dataEhjPVhj
 .text._ZN10W5100Class20recv_data_processingEhPhjh
                0x000000000000272c       0x96 ./Ethernet/utility/w5100.o
                0x000000000000272c                _ZN10W5100Class20recv_data_processingEhPhjh
 .text._ZN10W5100Class9execCmdSnEh7SockCMD
                0x00000000000027c2       0x1c ./Ethernet/utility/w5100.o
                0x00000000000027c2                _ZN10W5100Class9execCmdSnEh7SockCMD
 .text.startup._GLOBAL__sub_I__ZN9DhcpClass13beginWithDHCPEPhmm
                0x00000000000027de       0x16 ./Ethernet/Dhcp.o
 .text._ZN9DNSClient5beginERK9IPAddress
                0x00000000000027f4       0x1a ./Ethernet/Dns.o
                0x00000000000027f4                _ZN9DNSClient5beginERK9IPAddress
 .text._ZN9DNSClient9inet_atonEPKcR9IPAddress
                0x000000000000280e       0x7e ./Ethernet/Dns.o
                0x000000000000280e                _ZN9DNSClient9inet_atonEPKcR9IPAddress
 .text.startup._GLOBAL__sub_I__ZN9DNSClient5beginERK9IPAddress
                0x000000000000288c       0x16 ./Ethernet/Dns.o
 .text._ZN9DNSClient12BuildRequestEPKc
                0x00000000000028a2      0x13c ./Ethernet/Dns.o
                0x00000000000028a2                _ZN9DNSClient12BuildRequestEPKc
 .text._ZN9DNSClient15ProcessResponseEjR9IPAddress
                0x00000000000029de      0x292 ./Ethernet/Dns.o
                0x00000000000029de                _ZN9DNSClient15ProcessResponseEjR9IPAddress
 .text._ZN9DNSClient13getHostByNameEPKcR9IPAddress
                0x0000000000002c70      0x11c ./Ethernet/Dns.o
                0x0000000000002c70                _ZN9DNSClient13getHostByNameEPKcR9IPAddress
 .text._ZN13EthernetClass11dnsServerIPEv
                0x0000000000002d8c       0x20 ./Ethernet/Ethernet.o
                0x0000000000002d8c                _ZN13EthernetClass11dnsServerIPEv
 .text.startup._GLOBAL__sub_I__ZN13EthernetClass6_stateE
                0x0000000000002dac       0x1c ./Ethernet/Ethernet.o
 .text.startup._GLOBAL__sub_I__ZN14EthernetClient8_srcportE
                0x0000000000002dc8       0x16 ./Ethernet/EthernetClient.o
 .text.startup._GLOBAL__sub_I__ZN14EthernetServerC2Ej
                0x0000000000002dde       0x16 ./Ethernet/EthernetServer.o
 .text._ZN11EthernetUDP4readEPcj
                0x0000000000002df4        0xe ./Ethernet/EthernetUdp.o
                0x0000000000002df4                _ZN11EthernetUDP4readEPcj
 .text._ZN11EthernetUDP8remoteIPEv
                0x0000000000002e02       0x20 ./Ethernet/EthernetUdp.o
                0x0000000000002e02                _ZN11EthernetUDP8remoteIPEv
 .text._ZN11EthernetUDP10remotePortEv
                0x0000000000002e22        0x8 ./Ethernet/EthernetUdp.o
                0x0000000000002e22                _ZN11EthernetUDP10remotePortEv
 .text._ZN11EthernetUDP9availableEv
                0x0000000000002e2a        0x8 ./Ethernet/EthernetUdp.o
                0x0000000000002e2a                _ZN11EthernetUDP9availableEv
 .text._ZN11EthernetUDP5writeEh
                0x0000000000002e32       0x2c ./Ethernet/EthernetUdp.o
                0x0000000000002e32                _ZN11EthernetUDP5writeEh
 .text._ZN11EthernetUDP5flushEv
                0x0000000000002e5e       0x24 ./Ethernet/EthernetUdp.o
                0x0000000000002e5e                _ZN11EthernetUDP5flushEv
 .text._ZN11EthernetUDP4stopEv
                0x0000000000002e82       0x28 ./Ethernet/EthernetUdp.o
                0x0000000000002e82                _ZN11EthernetUDP4stopEv
 .text._ZN11EthernetUDP11beginPacketE9IPAddressj
                0x0000000000002eaa        0xe ./Ethernet/EthernetUdp.o
                0x0000000000002eaa                _ZN11EthernetUDP11beginPacketE9IPAddressj
 .text._ZN11EthernetUDP9endPacketEv
                0x0000000000002eb8        0x6 ./Ethernet/EthernetUdp.o
                0x0000000000002eb8                _ZN11EthernetUDP9endPacketEv
 .text._ZN11EthernetUDP5writeEPKhj
                0x0000000000002ebe       0x26 ./Ethernet/EthernetUdp.o
                0x0000000000002ebe                _ZN11EthernetUDP5writeEPKhj
 .text._ZN11EthernetUDP4readEv
                0x0000000000002ee4       0x50 ./Ethernet/EthernetUdp.o
                0x0000000000002ee4                _ZN11EthernetUDP4readEv
 .text._ZN11EthernetUDP4readEPhj
                0x0000000000002f34       0x38 ./Ethernet/EthernetUdp.o
                0x0000000000002f34                _ZN11EthernetUDP4readEPhj
 .text._ZN11EthernetUDP4peekEv
                0x0000000000002f6c       0x30 ./Ethernet/EthernetUdp.o
                0x0000000000002f6c                _ZN11EthernetUDP4peekEv
 .text._ZN11EthernetUDP5beginEj
                0x0000000000002f9c       0x56 ./Ethernet/EthernetUdp.o
                0x0000000000002f9c                _ZN11EthernetUDP5beginEj
 .text._ZN11EthernetUDP11parsePacketEv
                0x0000000000002ff2       0x9c ./Ethernet/EthernetUdp.o
                0x0000000000002ff2                _ZN11EthernetUDP11parsePacketEv
 .text._ZN11EthernetUDPC2Ev
                0x000000000000308e       0x2a ./Ethernet/EthernetUdp.o
                0x000000000000308e                _ZN11EthernetUDPC2Ev
                0x000000000000308e                _ZN11EthernetUDPC1Ev
 .text._ZN11EthernetUDP11beginPacketEPKcj
                0x00000000000030b8       0xb4 ./Ethernet/EthernetUdp.o
                0x00000000000030b8                _ZN11EthernetUDP11beginPacketEPKcj
 .text.startup._GLOBAL__sub_I__ZN11EthernetUDPC2Ev
                0x000000000000316c       0x16 ./Ethernet/EthernetUdp.o
 .text._ZN7BatteryD2Ev
                0x0000000000003182        0xc ./Battery/Battery.o
                0x0000000000003182                _ZN7BatteryD1Ev
                0x0000000000003182                _ZN7BatteryD2Ev
 .text._ZN7BatteryD0Ev
                0x000000000000318e        0xe ./Battery/Battery.o
                0x000000000000318e                _ZN7BatteryD0Ev
 .text._ZN7BatteryC2Ev
                0x000000000000319c        0xc ./Battery/Battery.o
                0x000000000000319c                _ZN7BatteryC1Ev
                0x000000000000319c                _ZN7BatteryC2Ev
 .text._ZN7Battery20get_battery_amperageEv
                0x00000000000031a8        0x6 ./Battery/Battery.o
                0x00000000000031a8                _ZN7Battery20get_battery_amperageEv
 .text._ZN7Battery19get_battery_voltageEv
                0x00000000000031ae        0x6 ./Battery/Battery.o
                0x00000000000031ae                _ZN7Battery19get_battery_voltageEv
 .text._ZN7Battery21get_battery_remainingEv
                0x00000000000031b4        0x6 ./Battery/Battery.o
                0x00000000000031b4                _ZN7Battery21get_battery_remainingEv
 .text.crc_accumulate
                0x00000000000031ba       0x44 ./main.o
 .text.mavlink_msg_to_send_buffer.constprop.3
                0x00000000000031fe       0x42 ./main.o
 .text.mavlink_finalize_message_chan.constprop.5
                0x0000000000003240       0xd4 ./main.o
 .text.setup    0x0000000000003314       0x12 ./main.o
                0x0000000000003314                setup
 .text._Z19emitHeartbeatPacketR16MAVLinkInterface
                0x0000000000003326       0x48 ./main.o
                0x0000000000003326                _Z19emitHeartbeatPacketR16MAVLinkInterface
 .text._Z16emitStatusPacketR16MAVLinkInterfaceR7Battery
                0x000000000000336e       0x9a ./main.o
                0x000000000000336e                _Z16emitStatusPacketR16MAVLinkInterfaceR7Battery
 .text._Z13emitNEDPacketR16MAVLinkInterfaceR3GPSR3IMU
                0x0000000000003408      0x1a4 ./main.o
                0x0000000000003408                _Z13emitNEDPacketR16MAVLinkInterfaceR3GPSR3IMU
 .text._Z18emitAttitudePacketR16MAVLinkInterfaceR3IMU
                0x00000000000035ac      0x1a6 ./main.o
                0x00000000000035ac                _Z18emitAttitudePacketR16MAVLinkInterfaceR3IMU
 .text.loop     0x0000000000003752       0x3c ./main.o
                0x0000000000003752                loop
 .text._Z41__static_initialization_and_destruction_0ii.part.0
                0x000000000000378e       0x1e ./main.o
 .text.startup._GLOBAL__sub_I_interface
                0x00000000000037ac       0x68 ./main.o
 .text.exit._GLOBAL__sub_D_interface
                0x0000000000003814        0x2 ./main.o
 .text.libgcc.mul
                0x0000000000003816       0x14 /usr/lib/gcc/avr/4.8.2/avr5/libgcc.a(_muluhisi3.o)
                0x0000000000003816                __muluhisi3
 .text.libgcc.mul
                0x000000000000382a        0xc /usr/lib/gcc/avr/4.8.2/avr5/libgcc.a(_mulshisi3.o)
                0x000000000000382a                __mulshisi3
                0x000000000000382e                __mulohisi3
 .text.libgcc.mul
                0x0000000000003836       0x1e /usr/lib/gcc/avr/4.8.2/avr5/libgcc.a(_mulsi3.o)
                0x0000000000003836                __mulsi3
 .text.libgcc.div
                0x0000000000003854       0x26 /usr/lib/gcc/avr/4.8.2/avr5/libgcc.a(_divmodhi4.o)
                0x0000000000003854                __divmodhi4
                0x0000000000003854                _div
 .text.libgcc.div
                0x000000000000387a       0x44 /usr/lib/gcc/avr/4.8.2/avr5/libgcc.a(_udivmodsi4.o)
                0x000000000000387a                __udivmodsi4
 .text.libgcc   0x00000000000038be        0xc /usr/lib/gcc/avr/4.8.2/avr5/libgcc.a(_tablejump.o)
                0x00000000000038be                __tablejump2__
                0x00000000000038c2                __tablejump__
 .text.libgcc.mul
                0x00000000000038ca       0x1e /usr/lib/gcc/avr/4.8.2/avr5/libgcc.a(_umulhisi3.o)
                0x00000000000038ca                __umulhisi3
 .text.libgcc.div
                0x00000000000038e8       0x28 /usr/lib/gcc/avr/4.8.2/avr5/libgcc.a(_udivmodhi4.o)
                0x00000000000038e8                __udivmodhi4
 .text.avr-libc.fplib
                0x0000000000003910        0xa /usr/lib/gcc/avr/4.8.2/../../../avr/lib/avr5/libm.a(addsf3.o)
                0x0000000000003910                __subsf3
                0x0000000000003912                __addsf3
 .text.avr-libc.fplib
                0x000000000000391a       0xc0 /usr/lib/gcc/avr/4.8.2/../../../avr/lib/avr5/libm.a(addsf3x.o)
                0x0000000000003934                __addsf3x
 .text.avr-libc.fplib
                0x00000000000039da        0x4 /usr/lib/gcc/avr/4.8.2/../../../avr/lib/avr5/libm.a(divsf3.o)
                0x00000000000039da                __divsf3
 .text.avr-libc.fplib
                0x00000000000039de       0xcc /usr/lib/gcc/avr/4.8.2/../../../avr/lib/avr5/libm.a(divsf3x.o)
                0x00000000000039f4                __divsf3x
                0x00000000000039f8                __divsf3_pse
 .text.avr-libc.fplib
                0x0000000000003aaa       0x58 /usr/lib/gcc/avr/4.8.2/../../../avr/lib/avr5/libm.a(fixunssfsi.o)
                0x0000000000003aaa                __fixunssfsi
 .text.avr-libc.fplib
                0x0000000000003b02       0x7a /usr/lib/gcc/avr/4.8.2/../../../avr/lib/avr5/libm.a(floatsisf.o)
                0x0000000000003b02                __floatunsisf
                0x0000000000003b06                __floatsisf
 .text.avr-libc.fplib
                0x0000000000003b7c        0xc /usr/lib/gcc/avr/4.8.2/../../../avr/lib/avr5/libm.a(fp_inf.o)
                0x0000000000003b7c                __fp_inf
 .text.avr-libc.fplib
                0x0000000000003b88        0x6 /usr/lib/gcc/avr/4.8.2/../../../avr/lib/avr5/libm.a(fp_nan.o)
                0x0000000000003b88                __fp_nan
 .text.avr-libc.fplib
                0x0000000000003b8e        0xe /usr/lib/gcc/avr/4.8.2/../../../avr/lib/avr5/libm.a(fp_pscA.o)
                0x0000000000003b8e                __fp_pscA
 .text.avr-libc.fplib
                0x0000000000003b9c        0xe /usr/lib/gcc/avr/4.8.2/../../../avr/lib/avr5/libm.a(fp_pscB.o)
                0x0000000000003b9c                __fp_pscB
 .text.avr-libc.fplib
                0x0000000000003baa       0x22 /usr/lib/gcc/avr/4.8.2/../../../avr/lib/avr5/libm.a(fp_round.o)
                0x0000000000003baa                __fp_round
 .text.avr-libc.fplib
                0x0000000000003bcc       0x44 /usr/lib/gcc/avr/4.8.2/../../../avr/lib/avr5/libm.a(fp_split3.o)
                0x0000000000003bcc                __fp_split3
                0x0000000000003bdc                __fp_splitA
 .text.avr-libc.fplib
                0x0000000000003c10        0xe /usr/lib/gcc/avr/4.8.2/../../../avr/lib/avr5/libm.a(fp_zero.o)
                0x0000000000003c10                __fp_zero
                0x0000000000003c12                __fp_szero
 .text.avr-libc
                0x0000000000003c1e      0x24e /usr/lib/gcc/avr/4.8.2/../../../avr/lib/avr5/libc.a(malloc.o)
                0x0000000000003c1e                malloc
                0x0000000000003d4e                free
 .text.avr-libc
                0x0000000000003e6c        0x8 /usr/lib/gcc/avr/4.8.2/../../../avr/lib/avr5/libc.a(abort.o)
                0x0000000000003e6c                abort
 .text.avr-libc
                0x0000000000003e74       0x4c /usr/lib/gcc/avr/4.8.2/../../../avr/lib/avr5/libc.a(atol.o)
                0x0000000000003e74                atol
 .text.avr-libc
                0x0000000000003ec0       0x12 /usr/lib/gcc/avr/4.8.2/../../../avr/lib/avr5/libc.a(memcpy.o)
                0x0000000000003ec0                memcpy
 .text.avr-libc
                0x0000000000003ed2       0x12 /usr/lib/gcc/avr/4.8.2/../../../avr/lib/avr5/libc.a(strcmp.o)
                0x0000000000003ed2                strcmp
 .text.avr-libc
                0x0000000000003ee4        0xe /usr/lib/gcc/avr/4.8.2/../../../avr/lib/avr5/libc.a(strcpy.o)
                0x0000000000003ee4                strcpy
 .text.avr-libc
                0x0000000000003ef2       0x1e /usr/lib/gcc/avr/4.8.2/../../../avr/lib/avr5/libc.a(strncpy.o)
                0x0000000000003ef2                strncpy
 .text.avr-libc
                0x0000000000003f10       0x2a /usr/lib/gcc/avr/4.8.2/../../../avr/lib/avr5/libc.a(mulsi10.o)
                0x0000000000003f10                __mulsi_const_10
                0x0000000000003f3a                . = ALIGN (0x2)
 *(.fini9)
 .fini9         0x0000000000003f3a        0x0 /usr/lib/gcc/avr/4.8.2/avr5/libgcc.a(_exit.o)
                0x0000000000003f3a                exit
                0x0000000000003f3a                _exit
 *(.fini9)
 *(.fini8)
 *(.fini8)
 *(.fini7)
 *(.fini7)
 *(.fini6)
 .fini6         0x0000000000003f3a       0x14 /usr/lib/gcc/avr/4.8.2/avr5/libgcc.a(_dtors.o)
                0x0000000000003f3a                __do_global_dtors
 *(.fini6)
 *(.fini5)
 *(.fini5)
 *(.fini4)
 *(.fini4)
 *(.fini3)
 *(.fini3)
 *(.fini2)
 *(.fini2)
 *(.fini1)
 *(.fini1)
 *(.fini0)
 .fini0         0x0000000000003f4e        0x4 /usr/lib/gcc/avr/4.8.2/avr5/libgcc.a(_exit.o)
 *(.fini0)
                0x0000000000003f52                _etext = .

.data           0x0000000000800100       0xfa load address 0x0000000000003f52
                0x0000000000800100                PROVIDE (__data_start, .)
 *(.data)
 .data          0x0000000000800100        0x0 /usr/lib/gcc/avr/4.8.2/../../../avr/lib/avr5/crtm328p.o
 .data          0x0000000000800100        0x0 ./arduino/core/CDC.o
 .data          0x0000000000800100        0x0 ./arduino/core/HID.o
 .data          0x0000000000800100        0x0 ./arduino/core/HardwareSerial.o
 .data          0x0000000000800100        0x0 ./arduino/core/HardwareSerial0.o
 .data          0x0000000000800100        0x0 ./arduino/core/HardwareSerial1.o
 .data          0x0000000000800100        0x0 ./arduino/core/HardwareSerial2.o
 .data          0x0000000000800100        0x0 ./arduino/core/HardwareSerial3.o
 .data          0x0000000000800100        0x0 ./arduino/core/IPAddress.o
 .data          0x0000000000800100        0x0 ./arduino/core/Print.o
 .data          0x0000000000800100        0x0 ./arduino/core/SPI.o
 .data          0x0000000000800100        0x0 ./arduino/core/Stream.o
 .data          0x0000000000800100        0x0 ./arduino/core/Tone.o
 .data          0x0000000000800100        0x0 ./arduino/core/USBCore.o
 .data          0x0000000000800100        0x0 ./arduino/core/WInterrupts.o
 .data          0x0000000000800100        0x0 ./arduino/core/WMath.o
 .data          0x0000000000800100        0x0 ./arduino/core/WString.o
 .data          0x0000000000800100        0x0 ./arduino/core/abi.o
 .data          0x0000000000800100        0x0 ./arduino/core/hooks.o
 .data          0x0000000000800100        0x0 ./arduino/core/main.o
 .data          0x0000000000800100        0x0 ./arduino/core/new.o
 .data          0x0000000000800100        0x0 ./arduino/core/wiring.o
 .data          0x0000000000800100        0x0 ./arduino/core/wiring_analog.o
 .data          0x0000000000800100        0x0 ./arduino/core/wiring_digital.o
 .data          0x0000000000800100        0x0 ./arduino/core/wiring_pulse.o
 .data          0x0000000000800100        0x0 ./arduino/core/wiring_shift.o
 .data          0x0000000000800100        0x0 ./MAVLinkInterface/MAVLinkInterface.o
 .data          0x0000000000800100        0x0 ./MAVLinkInterface/SerialInterface.o
 .data          0x0000000000800100        0x0 ./MAVLinkInterface/UDPInterface.o
 .data          0x0000000000800100        0x0 ./IMU/Chinese9DOF.o
 .data          0x0000000000800100        0x0 ./IMU/IMU.o
 .data          0x0000000000800100        0x0 ./I2C/I2C.o
 .data          0x0000000000800100        0x0 ./GPS/GPS.o
 .data          0x0000000000800100        0x0 ./GPS/SoftwareSerial.o
 .data          0x0000000000800100        0x0 ./GPS/TinyGPSPlus.o
 .data          0x0000000000800100        0x0 ./GPS/UBLOX.o
 .data          0x0000000000800100        0x0 ./Ethernet/utility/socket.o
 .data          0x0000000000800100        0x0 ./Ethernet/utility/w5100.o
 .data          0x0000000000800100        0x0 ./Ethernet/Dhcp.o
 .data          0x0000000000800100        0x0 ./Ethernet/Dns.o
 .data          0x0000000000800100        0x0 ./Ethernet/Ethernet.o
 .data          0x0000000000800100        0x0 ./Ethernet/EthernetClient.o
 .data          0x0000000000800100        0x0 ./Ethernet/EthernetServer.o
 .data          0x0000000000800100        0x0 ./Ethernet/EthernetUdp.o
 .data          0x0000000000800100        0x0 ./Battery/Battery.o
 .data          0x0000000000800100        0x0 ./main.o
 .data          0x0000000000800100        0x0 /usr/lib/gcc/avr/4.8.2/avr5/libgcc.a(_muluhisi3.o)
 .data          0x0000000000800100        0x0 /usr/lib/gcc/avr/4.8.2/avr5/libgcc.a(_mulshisi3.o)
 .data          0x0000000000800100        0x0 /usr/lib/gcc/avr/4.8.2/avr5/libgcc.a(_mulsi3.o)
 .data          0x0000000000800100        0x0 /usr/lib/gcc/avr/4.8.2/avr5/libgcc.a(_divmodhi4.o)
 .data          0x0000000000800100        0x0 /usr/lib/gcc/avr/4.8.2/avr5/libgcc.a(_udivmodsi4.o)
 .data          0x0000000000800100        0x0 /usr/lib/gcc/avr/4.8.2/avr5/libgcc.a(_divmodsi4.o)
 .data          0x0000000000800100        0x0 /usr/lib/gcc/avr/4.8.2/avr5/libgcc.a(_negsi2.o)
 .data          0x0000000000800100        0x0 /usr/lib/gcc/avr/4.8.2/avr5/libgcc.a(_exit.o)
 .data          0x0000000000800100        0x0 /usr/lib/gcc/avr/4.8.2/avr5/libgcc.a(_tablejump.o)
 .data          0x0000000000800100        0x0 /usr/lib/gcc/avr/4.8.2/avr5/libgcc.a(_copy_data.o)
 .data          0x0000000000800100        0x0 /usr/lib/gcc/avr/4.8.2/avr5/libgcc.a(_clear_bss.o)
 .data          0x0000000000800100        0x0 /usr/lib/gcc/avr/4.8.2/avr5/libgcc.a(_ctors.o)
 .data          0x0000000000800100        0x0 /usr/lib/gcc/avr/4.8.2/avr5/libgcc.a(_dtors.o)
 .data          0x0000000000800100        0x0 /usr/lib/gcc/avr/4.8.2/avr5/libgcc.a(_bswapsi2.o)
 .data          0x0000000000800100        0x0 /usr/lib/gcc/avr/4.8.2/avr5/libgcc.a(_umulhisi3.o)
 .data          0x0000000000800100        0x0 /usr/lib/gcc/avr/4.8.2/avr5/libgcc.a(_udivmodhi4.o)
 .data          0x0000000000800100        0x0 /usr/lib/gcc/avr/4.8.2/../../../avr/lib/avr5/libm.a(addsf3.o)
 .data          0x0000000000800100        0x0 /usr/lib/gcc/avr/4.8.2/../../../avr/lib/avr5/libm.a(addsf3x.o)
 .data          0x0000000000800100        0x0 /usr/lib/gcc/avr/4.8.2/../../../avr/lib/avr5/libm.a(atan2.o)
 .data          0x0000000000800100        0x0 /usr/lib/gcc/avr/4.8.2/../../../avr/lib/avr5/libm.a(atan.o)
 .data          0x0000000000800100        0x0 /usr/lib/gcc/avr/4.8.2/../../../avr/lib/avr5/libm.a(cmpsf2.o)
 .data          0x0000000000800100        0x0 /usr/lib/gcc/avr/4.8.2/../../../avr/lib/avr5/libm.a(cos.o)
 .data          0x0000000000800100        0x0 /usr/lib/gcc/avr/4.8.2/../../../avr/lib/avr5/libm.a(divsf3.o)
 .data          0x0000000000800100        0x0 /usr/lib/gcc/avr/4.8.2/../../../avr/lib/avr5/libm.a(divsf3x.o)
 .data          0x0000000000800100        0x0 /usr/lib/gcc/avr/4.8.2/../../../avr/lib/avr5/libm.a(fixsfsi.o)
 .data          0x0000000000800100        0x0 /usr/lib/gcc/avr/4.8.2/../../../avr/lib/avr5/libm.a(fixunssfsi.o)
 .data          0x0000000000800100        0x0 /usr/lib/gcc/avr/4.8.2/../../../avr/lib/avr5/libm.a(floatsisf.o)
 .data          0x0000000000800100        0x0 /usr/lib/gcc/avr/4.8.2/../../../avr/lib/avr5/libm.a(fp_cmp.o)
 .data          0x0000000000800100        0x0 /usr/lib/gcc/avr/4.8.2/../../../avr/lib/avr5/libm.a(fp_inf.o)
 .data          0x0000000000800100        0x0 /usr/lib/gcc/avr/4.8.2/../../../avr/lib/avr5/libm.a(fp_nan.o)
 .data          0x0000000000800100        0x0 /usr/lib/gcc/avr/4.8.2/../../../avr/lib/avr5/libm.a(fp_powser.o)
 .data          0x0000000000800100        0x0 /usr/lib/gcc/avr/4.8.2/../../../avr/lib/avr5/libm.a(fp_pscA.o)
 .data          0x0000000000800100        0x0 /usr/lib/gcc/avr/4.8.2/../../../avr/lib/avr5/libm.a(fp_pscB.o)
 .data          0x0000000000800100        0x0 /usr/lib/gcc/avr/4.8.2/../../../avr/lib/avr5/libm.a(fp_rempio2.o)
 .data          0x0000000000800100        0x0 /usr/lib/gcc/avr/4.8.2/../../../avr/lib/avr5/libm.a(fp_round.o)
 .data          0x0000000000800100        0x0 /usr/lib/gcc/avr/4.8.2/../../../avr/lib/avr5/libm.a(fp_sinus.o)
 .data          0x0000000000800100        0x0 /usr/lib/gcc/avr/4.8.2/../../../avr/lib/avr5/libm.a(fp_split3.o)
 .data          0x0000000000800100        0x0 /usr/lib/gcc/avr/4.8.2/../../../avr/lib/avr5/libm.a(fp_zero.o)
 .data          0x0000000000800100        0x0 /usr/lib/gcc/avr/4.8.2/../../../avr/lib/avr5/libm.a(gesf2.o)
 .data          0x0000000000800100        0x0 /usr/lib/gcc/avr/4.8.2/../../../avr/lib/avr5/libm.a(inverse.o)
 .data          0x0000000000800100        0x0 /usr/lib/gcc/avr/4.8.2/../../../avr/lib/avr5/libm.a(mulsf3.o)
 .data          0x0000000000800100        0x0 /usr/lib/gcc/avr/4.8.2/../../../avr/lib/avr5/libm.a(mulsf3x.o)
 .data          0x0000000000800100        0x0 /usr/lib/gcc/avr/4.8.2/../../../avr/lib/avr5/libm.a(sin.o)
 .data          0x0000000000800100        0x0 /usr/lib/gcc/avr/4.8.2/../../../avr/lib/avr5/libm.a(sqrt.o)
 .data          0x0000000000800100        0x0 /usr/lib/gcc/avr/4.8.2/../../../avr/lib/avr5/libm.a(square.o)
 .data          0x0000000000800100        0x0 /usr/lib/gcc/avr/4.8.2/../../../avr/lib/avr5/libm.a(unordsf2.o)
 .data          0x0000000000800100        0x0 /usr/lib/gcc/avr/4.8.2/../../../avr/lib/avr5/libm.a(fp_mpack.o)
 .data          0x0000000000800100        0x0 /usr/lib/gcc/avr/4.8.2/../../../avr/lib/avr5/libm.a(fp_norm2.o)
 .data          0x0000000000800100        0x0 /usr/lib/gcc/avr/4.8.2/../../../avr/lib/avr5/libm.a(fp_powsodd.o)
 .data          0x0000000000800100        0x0 /usr/lib/gcc/avr/4.8.2/../../../avr/lib/avr5/libc.a(dtostrf.o)
 .data          0x0000000000800100        0x6 /usr/lib/gcc/avr/4.8.2/../../../avr/lib/avr5/libc.a(malloc.o)
                0x0000000000800100                __malloc_heap_end
                0x0000000000800102                __malloc_heap_start
                0x0000000000800104                __malloc_margin
 .data          0x0000000000800106        0x4 /usr/lib/gcc/avr/4.8.2/../../../avr/lib/avr5/libc.a(random.o)
 .data          0x000000000080010a        0x0 /usr/lib/gcc/avr/4.8.2/../../../avr/lib/avr5/libc.a(realloc.o)
 .data          0x000000000080010a        0x0 /usr/lib/gcc/avr/4.8.2/../../../avr/lib/avr5/libc.a(abort.o)
 .data          0x000000000080010a        0x0 /usr/lib/gcc/avr/4.8.2/../../../avr/lib/avr5/libc.a(atof.o)
 .data          0x000000000080010a        0x0 /usr/lib/gcc/avr/4.8.2/../../../avr/lib/avr5/libc.a(atol.o)
 .data          0x000000000080010a        0x0 /usr/lib/gcc/avr/4.8.2/../../../avr/lib/avr5/libc.a(isspace.o)
 .data          0x000000000080010a        0x0 /usr/lib/gcc/avr/4.8.2/../../../avr/lib/avr5/libc.a(tolower.o)
 .data          0x000000000080010a        0x0 /usr/lib/gcc/avr/4.8.2/../../../avr/lib/avr5/libc.a(toupper.o)
 .data          0x000000000080010a        0x0 /usr/lib/gcc/avr/4.8.2/../../../avr/lib/avr5/libc.a(strcpy_P.o)
 .data          0x000000000080010a        0x0 /usr/lib/gcc/avr/4.8.2/../../../avr/lib/avr5/libc.a(strlen_P.o)
 .data          0x000000000080010a        0x0 /usr/lib/gcc/avr/4.8.2/../../../avr/lib/avr5/libc.a(memcmp.o)
 .data          0x000000000080010a        0x0 /usr/lib/gcc/avr/4.8.2/../../../avr/lib/avr5/libc.a(memcpy.o)
 .data          0x000000000080010a        0x0 /usr/lib/gcc/avr/4.8.2/../../../avr/lib/avr5/libc.a(memmove.o)
 .data          0x000000000080010a        0x0 /usr/lib/gcc/avr/4.8.2/../../../avr/lib/avr5/libc.a(strchr.o)
 .data          0x000000000080010a        0x0 /usr/lib/gcc/avr/4.8.2/../../../avr/lib/avr5/libc.a(strcmp.o)
 .data          0x000000000080010a        0x0 /usr/lib/gcc/avr/4.8.2/../../../avr/lib/avr5/libc.a(strcpy.o)
 .data          0x000000000080010a        0x0 /usr/lib/gcc/avr/4.8.2/../../../avr/lib/avr5/libc.a(strncmp.o)
 .data          0x000000000080010a        0x0 /usr/lib/gcc/avr/4.8.2/../../../avr/lib/avr5/libc.a(strncpy.o)
 .data          0x000000000080010a        0x0 /usr/lib/gcc/avr/4.8.2/../../../avr/lib/avr5/libc.a(strrchr.o)
 .data          0x000000000080010a        0x0 /usr/lib/gcc/avr/4.8.2/../../../avr/lib/avr5/libc.a(strstr.o)
 .data          0x000000000080010a        0x0 /usr/lib/gcc/avr/4.8.2/../../../avr/lib/avr5/libc.a(itoa.o)
 .data          0x000000000080010a        0x0 /usr/lib/gcc/avr/4.8.2/../../../avr/lib/avr5/libc.a(ltoa.o)
 .data          0x000000000080010a        0x0 /usr/lib/gcc/avr/4.8.2/../../../avr/lib/avr5/libc.a(mulsi10.o)
 .data          0x000000000080010a        0x0 /usr/lib/gcc/avr/4.8.2/../../../avr/lib/avr5/libc.a(ultoa.o)
 .data          0x000000000080010a        0x0 /usr/lib/gcc/avr/4.8.2/../../../avr/lib/avr5/libc.a(utoa.o)
 .data          0x000000000080010a        0x0 /usr/lib/gcc/avr/4.8.2/../../../avr/lib/avr5/libc.a(dtoa_prf.o)
 .data          0x000000000080010a        0x0 /usr/lib/gcc/avr/4.8.2/../../../avr/lib/avr5/libc.a(strtod.o)
 .data          0x000000000080010a        0x0 /usr/lib/gcc/avr/4.8.2/../../../avr/lib/avr5/libc.a(ftoa_engine.o)
 .data          0x000000000080010a        0x0 /usr/lib/gcc/avr/4.8.2/../../../avr/lib/avr5/libc.a(cty_isfalse.o)
 .data          0x000000000080010a        0x0 /usr/lib/gcc/avr/4.8.2/../../../avr/lib/avr5/libc.a(strncasecmp_P.o)
 .data          0x000000000080010a        0x0 /usr/lib/gcc/avr/4.8.2/../../../avr/lib/avr5/libc.a(strrev.o)
 .data          0x000000000080010a        0x0 /usr/lib/gcc/avr/4.8.2/../../../avr/lib/avr5/libc.a(errno.o)
 .data          0x000000000080010a        0x0 /usr/lib/gcc/avr/4.8.2/avr5/libgcc.a(_prologue.o)
 .data          0x000000000080010a        0x0 /usr/lib/gcc/avr/4.8.2/avr5/libgcc.a(_epilogue.o)
 *(.data*)
 .data._ZL9tone_pins
                0x000000000080010a        0x1 ./arduino/core/Tone.o
 *(.rodata)
 *(.rodata*)
 .rodata._ZTV14HardwareSerial
                0x000000000080010b       0x10 ./arduino/core/HardwareSerial.o
                0x000000000080010b                _ZTV14HardwareSerial
 .rodata._ZTV9IPAddress
                0x000000000080011b        0x6 ./arduino/core/IPAddress.o
                0x000000000080011b                _ZTV9IPAddress
 .rodata._ZTV16MAVLinkInterface
                0x0000000000800121        0xc ./MAVLinkInterface/MAVLinkInterface.o
                0x0000000000800121                _ZTV16MAVLinkInterface
 .rodata._ZTV15SerialInterface
                0x000000000080012d        0xc ./MAVLinkInterface/SerialInterface.o
                0x000000000080012d                _ZTV15SerialInterface
 .rodata._ZTV11Chinese9DOF
                0x0000000000800139       0x1c ./IMU/Chinese9DOF.o
                0x0000000000800139                _ZTV11Chinese9DOF
 .rodata._ZTV3IMU
                0x0000000000800155       0x1c ./IMU/IMU.o
                0x0000000000800155                _ZTV3IMU
 .rodata._ZTV3GPS
                0x0000000000800171        0xe ./GPS/GPS.o
                0x0000000000800171                _ZTV3GPS
 .rodata._ZTV14SoftwareSerial
                0x000000000080017f       0x10 ./GPS/SoftwareSerial.o
                0x000000000080017f                _ZTV14SoftwareSerial
 .rodata.str1.1
                0x000000000080018f       0x30 ./GPS/TinyGPSPlus.o
                                         0x40 (size before relaxing)
 .rodata._ZTV5UBLOX
                0x00000000008001bf        0xe ./GPS/UBLOX.o
                0x00000000008001bf                _ZTV5UBLOX
 .rodata._ZTV11EthernetUDP
                0x00000000008001cd       0x24 ./Ethernet/EthernetUdp.o
                0x00000000008001cd                _ZTV11EthernetUDP
 .rodata._ZTV7Battery
                0x00000000008001f1        0x8 ./Battery/Battery.o
                0x00000000008001f1                _ZTV7Battery
 *(.gnu.linkonce.d*)
                0x00000000008001fa                . = ALIGN (0x2)
 *fill*         0x00000000008001f9        0x1 
                0x00000000008001fa                _edata = .
                0x00000000008001fa                PROVIDE (__data_end, .)

.bss            0x00000000008001fa      0x481
                0x00000000008001fa                PROVIDE (__bss_start, .)
 *(.bss)
 *(.bss*)
 .bss.Serial    0x00000000008001fa       0x9d ./arduino/core/HardwareSerial0.o
                0x00000000008001fa                Serial
 .bss._ZL11INADDR_NONE
                0x0000000000800297        0x6 ./arduino/core/IPAddress.o
 .bss._ZN8SPIClass13interruptSaveE
                0x000000000080029d        0x1 ./arduino/core/SPI.o
                0x000000000080029d                _ZN8SPIClass13interruptSaveE
 .bss._ZN8SPIClass13interruptMaskE
                0x000000000080029e        0x1 ./arduino/core/SPI.o
                0x000000000080029e                _ZN8SPIClass13interruptMaskE
 .bss._ZN8SPIClass13interruptModeE
                0x000000000080029f        0x1 ./arduino/core/SPI.o
                0x000000000080029f                _ZN8SPIClass13interruptModeE
 .bss.timer2_pin_mask
                0x00000000008002a0        0x1 ./arduino/core/Tone.o
                0x00000000008002a0                timer2_pin_mask
 .bss.timer2_pin_port
                0x00000000008002a1        0x2 ./arduino/core/Tone.o
                0x00000000008002a1                timer2_pin_port
 .bss.timer2_toggle_count
                0x00000000008002a3        0x4 ./arduino/core/Tone.o
                0x00000000008002a3                timer2_toggle_count
 .bss.intFunc   0x00000000008002a7        0x4 ./arduino/core/WInterrupts.o
 .bss.timer0_fract
                0x00000000008002ab        0x1 ./arduino/core/wiring.o
 .bss.timer0_millis
                0x00000000008002ac        0x4 ./arduino/core/wiring.o
                0x00000000008002ac                timer0_millis
 .bss.timer0_overflow_count
                0x00000000008002b0        0x4 ./arduino/core/wiring.o
                0x00000000008002b0                timer0_overflow_count
 .bss.UDP       0x00000000008002b4       0x1b ./MAVLinkInterface/UDPInterface.o
                0x00000000008002b4                UDP
 .bss._ZL11INADDR_NONE
                0x00000000008002cf        0x6 ./MAVLinkInterface/UDPInterface.o
 .bss._ZN14SoftwareSerial20_receive_buffer_headE
                0x00000000008002d5        0x1 ./GPS/SoftwareSerial.o
                0x00000000008002d5                _ZN14SoftwareSerial20_receive_buffer_headE
 .bss._ZN14SoftwareSerial20_receive_buffer_tailE
                0x00000000008002d6        0x1 ./GPS/SoftwareSerial.o
                0x00000000008002d6                _ZN14SoftwareSerial20_receive_buffer_tailE
 .bss._ZN14SoftwareSerial15_receive_bufferE
                0x00000000008002d7       0x40 ./GPS/SoftwareSerial.o
                0x00000000008002d7                _ZN14SoftwareSerial15_receive_bufferE
 .bss._ZN14SoftwareSerial13active_objectE
                0x0000000000800317        0x2 ./GPS/SoftwareSerial.o
                0x0000000000800317                _ZN14SoftwareSerial13active_objectE
 .bss._ZL10local_port
                0x0000000000800319        0x2 ./Ethernet/utility/socket.o
 .bss.W5100     0x000000000080031b       0x10 ./Ethernet/utility/w5100.o
                0x000000000080031b                W5100
 .bss._ZL11INADDR_NONE
                0x000000000080032b        0x6 ./Ethernet/Dhcp.o
 .bss._ZL11INADDR_NONE
                0x0000000000800331        0x6 ./Ethernet/Dns.o
 .bss.Ethernet  0x0000000000800337        0x8 ./Ethernet/Ethernet.o
                0x0000000000800337                Ethernet
 .bss._ZN13EthernetClass12_server_portE
                0x000000000080033f        0x8 ./Ethernet/Ethernet.o
                0x000000000080033f                _ZN13EthernetClass12_server_portE
 .bss._ZL11INADDR_NONE
                0x0000000000800347        0x6 ./Ethernet/Ethernet.o
 .bss._ZL11INADDR_NONE
                0x000000000080034d        0x6 ./Ethernet/EthernetClient.o
 .bss._ZL11INADDR_NONE
                0x0000000000800353        0x6 ./Ethernet/EthernetServer.o
 .bss._ZL11INADDR_NONE
                0x0000000000800359        0x6 ./Ethernet/EthernetUdp.o
 .bss._ZZ26mavlink_get_channel_statusE16m_mavlink_status
                0x000000000080035f       0x2c ./main.o
 .bss._ZL3len   0x000000000080038b        0x2 ./main.o
 .bss._ZL3buf   0x000000000080038d      0x107 ./main.o
 .bss._ZL3msg   0x0000000000800494      0x110 ./main.o
 .bss.battery   0x00000000008005a4        0x2 ./main.o
                0x00000000008005a4                battery
 .bss.imu       0x00000000008005a6        0x2 ./main.o
                0x00000000008005a6                imu
 .bss.gps       0x00000000008005a8       0xcb ./main.o
                0x00000000008005a8                gps
 .bss.interface
                0x0000000000800673        0x4 ./main.o
                0x0000000000800673                interface
 *(COMMON)
 COMMON         0x0000000000800677        0x4 /usr/lib/gcc/avr/4.8.2/../../../avr/lib/avr5/libc.a(malloc.o)
                0x0000000000800677                __brkval
                0x0000000000800679                __flp
                0x000000000080067b                PROVIDE (__bss_end, .)
                0x0000000000003f52                __data_load_start = LOADADDR (.data)
                0x000000000000404c                __data_load_end = (__data_load_start + SIZEOF (.data))

.noinit         0x000000000080067b        0x0
                0x000000000080067b                PROVIDE (__noinit_start, .)
 *(.noinit*)
                0x000000000080067b                PROVIDE (__noinit_end, .)
                0x000000000080067b                _end = .
                0x000000000080067b                PROVIDE (__heap_start, .)

.eeprom         0x0000000000810000        0x0
 *(.eeprom*)
                0x0000000000810000                __eeprom_end = .

.fuse
 *(.fuse)
 *(.lfuse)
 *(.hfuse)
 *(.efuse)

.lock
 *(.lock*)

.signature
 *(.signature*)

.user_signatures
 *(.user_signatures*)

.stab           0x0000000000000000     0x6804
 *(.stab)
 .stab          0x0000000000000000      0x6cc /usr/lib/gcc/avr/4.8.2/../../../avr/lib/avr5/crtm328p.o
 .stab          0x00000000000006cc       0x78 /usr/lib/gcc/avr/4.8.2/../../../avr/lib/avr5/libm.a(addsf3.o)
                                         0x84 (size before relaxing)
 .stab          0x0000000000000744      0x4bc /usr/lib/gcc/avr/4.8.2/../../../avr/lib/avr5/libm.a(addsf3x.o)
                                        0x4c8 (size before relaxing)
 .stab          0x0000000000000c00      0x2f4 /usr/lib/gcc/avr/4.8.2/../../../avr/lib/avr5/libm.a(atan2.o)
                                        0x300 (size before relaxing)
 .stab          0x0000000000000ef4      0x210 /usr/lib/gcc/avr/4.8.2/../../../avr/lib/avr5/libm.a(atan.o)
                                        0x21c (size before relaxing)
 .stab          0x0000000000001104       0x90 /usr/lib/gcc/avr/4.8.2/../../../avr/lib/avr5/libm.a(cmpsf2.o)
                                         0x9c (size before relaxing)
 .stab          0x0000000000001194       0x54 /usr/lib/gcc/avr/4.8.2/../../../avr/lib/avr5/libm.a(cos.o)
                                         0x60 (size before relaxing)
 .stab          0x00000000000011e8       0x48 /usr/lib/gcc/avr/4.8.2/../../../avr/lib/avr5/libm.a(divsf3.o)
                                         0x54 (size before relaxing)
 .stab          0x0000000000001230      0x510 /usr/lib/gcc/avr/4.8.2/../../../avr/lib/avr5/libm.a(divsf3x.o)
                                        0x51c (size before relaxing)
 .stab          0x0000000000001740       0x6c /usr/lib/gcc/avr/4.8.2/../../../avr/lib/avr5/libm.a(fixsfsi.o)
                                         0x78 (size before relaxing)
 .stab          0x00000000000017ac      0x240 /usr/lib/gcc/avr/4.8.2/../../../avr/lib/avr5/libm.a(fixunssfsi.o)
                                        0x24c (size before relaxing)
 .stab          0x00000000000019ec      0x318 /usr/lib/gcc/avr/4.8.2/../../../avr/lib/avr5/libm.a(floatsisf.o)
                                        0x324 (size before relaxing)
 .stab          0x0000000000001d04      0x1e0 /usr/lib/gcc/avr/4.8.2/../../../avr/lib/avr5/libm.a(fp_cmp.o)
                                        0x1ec (size before relaxing)
 .stab          0x0000000000001ee4       0x78 /usr/lib/gcc/avr/4.8.2/../../../avr/lib/avr5/libm.a(fp_inf.o)
                                         0x84 (size before relaxing)
 .stab          0x0000000000001f5c       0x54 /usr/lib/gcc/avr/4.8.2/../../../avr/lib/avr5/libm.a(fp_nan.o)
                                         0x60 (size before relaxing)
 .stab          0x0000000000001fb0      0x1ec /usr/lib/gcc/avr/4.8.2/../../../avr/lib/avr5/libm.a(fp_powser.o)
                                        0x1f8 (size before relaxing)
 .stab          0x000000000000219c       0x84 /usr/lib/gcc/avr/4.8.2/../../../avr/lib/avr5/libm.a(fp_pscA.o)
                                         0x90 (size before relaxing)
 .stab          0x0000000000002220       0x84 /usr/lib/gcc/avr/4.8.2/../../../avr/lib/avr5/libm.a(fp_pscB.o)
                                         0x90 (size before relaxing)
 .stab          0x00000000000022a4      0x21c /usr/lib/gcc/avr/4.8.2/../../../avr/lib/avr5/libm.a(fp_rempio2.o)
                                        0x228 (size before relaxing)
 .stab          0x00000000000024c0       0xfc /usr/lib/gcc/avr/4.8.2/../../../avr/lib/avr5/libm.a(fp_round.o)
                                        0x108 (size before relaxing)
 .stab          0x00000000000025bc       0xfc /usr/lib/gcc/avr/4.8.2/../../../avr/lib/avr5/libm.a(fp_sinus.o)
                                        0x108 (size before relaxing)
 .stab          0x00000000000026b8      0x1d4 /usr/lib/gcc/avr/4.8.2/../../../avr/lib/avr5/libm.a(fp_split3.o)
                                        0x1e0 (size before relaxing)
 .stab          0x000000000000288c       0x90 /usr/lib/gcc/avr/4.8.2/../../../avr/lib/avr5/libm.a(fp_zero.o)
                                         0x9c (size before relaxing)
 .stab          0x000000000000291c       0x6c /usr/lib/gcc/avr/4.8.2/../../../avr/lib/avr5/libm.a(gesf2.o)
                                         0x78 (size before relaxing)
 .stab          0x0000000000002988       0x84 /usr/lib/gcc/avr/4.8.2/../../../avr/lib/avr5/libm.a(inverse.o)
                                         0x90 (size before relaxing)
 .stab          0x0000000000002a0c       0x48 /usr/lib/gcc/avr/4.8.2/../../../avr/lib/avr5/libm.a(mulsf3.o)
                                         0x54 (size before relaxing)
 .stab          0x0000000000002a54      0x4d4 /usr/lib/gcc/avr/4.8.2/../../../avr/lib/avr5/libm.a(mulsf3x.o)
                                        0x4e0 (size before relaxing)
 .stab          0x0000000000002f28       0x78 /usr/lib/gcc/avr/4.8.2/../../../avr/lib/avr5/libm.a(sin.o)
                                         0x84 (size before relaxing)
 .stab          0x0000000000002fa0      0x354 /usr/lib/gcc/avr/4.8.2/../../../avr/lib/avr5/libm.a(sqrt.o)
                                        0x360 (size before relaxing)
 .stab          0x00000000000032f4       0x54 /usr/lib/gcc/avr/4.8.2/../../../avr/lib/avr5/libm.a(square.o)
                                         0x60 (size before relaxing)
 .stab          0x0000000000003348       0x60 /usr/lib/gcc/avr/4.8.2/../../../avr/lib/avr5/libm.a(unordsf2.o)
                                         0x6c (size before relaxing)
 .stab          0x00000000000033a8       0xe4 /usr/lib/gcc/avr/4.8.2/../../../avr/lib/avr5/libm.a(fp_mpack.o)
                                         0xf0 (size before relaxing)
 .stab          0x000000000000348c       0x84 /usr/lib/gcc/avr/4.8.2/../../../avr/lib/avr5/libm.a(fp_norm2.o)
                                         0x90 (size before relaxing)
 .stab          0x0000000000003510       0xfc /usr/lib/gcc/avr/4.8.2/../../../avr/lib/avr5/libm.a(fp_powsodd.o)
                                        0x108 (size before relaxing)
 .stab          0x000000000000360c      0x4e0 /usr/lib/gcc/avr/4.8.2/../../../avr/lib/avr5/libc.a(dtostrf.o)
                                        0x594 (size before relaxing)
 .stab          0x0000000000003aec      0x708 /usr/lib/gcc/avr/4.8.2/../../../avr/lib/avr5/libc.a(malloc.o)
                                        0x8e8 (size before relaxing)
 .stab          0x00000000000041f4      0x2b8 /usr/lib/gcc/avr/4.8.2/../../../avr/lib/avr5/libc.a(random.o)
                                        0x4a4 (size before relaxing)
 .stab          0x00000000000044ac      0x2ac /usr/lib/gcc/avr/4.8.2/../../../avr/lib/avr5/libc.a(realloc.o)
                                        0x714 (size before relaxing)
 .stab          0x0000000000004758       0x48 /usr/lib/gcc/avr/4.8.2/../../../avr/lib/avr5/libc.a(abort.o)
                                         0x54 (size before relaxing)
 .stab          0x00000000000047a0       0x3c /usr/lib/gcc/avr/4.8.2/../../../avr/lib/avr5/libc.a(atof.o)
                                         0x48 (size before relaxing)
 .stab          0x00000000000047dc      0x1e0 /usr/lib/gcc/avr/4.8.2/../../../avr/lib/avr5/libc.a(atol.o)
                                        0x1ec (size before relaxing)
 .stab          0x00000000000049bc       0x18 /usr/lib/gcc/avr/4.8.2/../../../avr/lib/avr5/libc.a(isspace.o)
                                         0xa8 (size before relaxing)
 .stab          0x00000000000049d4       0x18 /usr/lib/gcc/avr/4.8.2/../../../avr/lib/avr5/libc.a(tolower.o)
                                         0xa8 (size before relaxing)
 .stab          0x00000000000049ec       0x18 /usr/lib/gcc/avr/4.8.2/../../../avr/lib/avr5/libc.a(toupper.o)
                                         0xa8 (size before relaxing)
 .stab          0x0000000000004a04       0x6c /usr/lib/gcc/avr/4.8.2/../../../avr/lib/avr5/libc.a(strcpy_P.o)
                                         0x78 (size before relaxing)
 .stab          0x0000000000004a70       0x84 /usr/lib/gcc/avr/4.8.2/../../../avr/lib/avr5/libc.a(strlen_P.o)
                                         0x90 (size before relaxing)
 .stab          0x0000000000004af4       0xb4 /usr/lib/gcc/avr/4.8.2/../../../avr/lib/avr5/libc.a(memcmp.o)
                                         0xc0 (size before relaxing)
 .stab          0x0000000000004ba8       0x84 /usr/lib/gcc/avr/4.8.2/../../../avr/lib/avr5/libc.a(memcpy.o)
                                         0x90 (size before relaxing)
 .stab          0x0000000000004c2c       0xe4 /usr/lib/gcc/avr/4.8.2/../../../avr/lib/avr5/libc.a(memmove.o)
                                         0xf0 (size before relaxing)
 .stab          0x0000000000004d10       0x9c /usr/lib/gcc/avr/4.8.2/../../../avr/lib/avr5/libc.a(strchr.o)
                                         0xa8 (size before relaxing)
 .stab          0x0000000000004dac       0x84 /usr/lib/gcc/avr/4.8.2/../../../avr/lib/avr5/libc.a(strcmp.o)
                                         0x90 (size before relaxing)
 .stab          0x0000000000004e30       0x6c /usr/lib/gcc/avr/4.8.2/../../../avr/lib/avr5/libc.a(strcpy.o)
                                         0x78 (size before relaxing)
 .stab          0x0000000000004e9c       0xc0 /usr/lib/gcc/avr/4.8.2/../../../avr/lib/avr5/libc.a(strncmp.o)
                                         0xcc (size before relaxing)
 .stab          0x0000000000004f5c       0xcc /usr/lib/gcc/avr/4.8.2/../../../avr/lib/avr5/libc.a(strncpy.o)
                                         0xd8 (size before relaxing)
 .stab          0x0000000000005028       0x9c /usr/lib/gcc/avr/4.8.2/../../../avr/lib/avr5/libc.a(strrchr.o)
                                         0xa8 (size before relaxing)
 .stab          0x00000000000050c4      0x150 /usr/lib/gcc/avr/4.8.2/../../../avr/lib/avr5/libc.a(strstr.o)
                                        0x15c (size before relaxing)
 .stab          0x0000000000005214       0x18 /usr/lib/gcc/avr/4.8.2/../../../avr/lib/avr5/libc.a(itoa.o)
                                        0x1bc (size before relaxing)
 .stab          0x000000000000522c       0x18 /usr/lib/gcc/avr/4.8.2/../../../avr/lib/avr5/libc.a(ltoa.o)
                                        0x2a0 (size before relaxing)
 .stab          0x0000000000005244      0x114 /usr/lib/gcc/avr/4.8.2/../../../avr/lib/avr5/libc.a(mulsi10.o)
                                        0x120 (size before relaxing)
 .stab          0x0000000000005358       0x18 /usr/lib/gcc/avr/4.8.2/../../../avr/lib/avr5/libc.a(ultoa.o)
                                        0x1ec (size before relaxing)
 .stab          0x0000000000005370       0x18 /usr/lib/gcc/avr/4.8.2/../../../avr/lib/avr5/libc.a(utoa.o)
                                        0x138 (size before relaxing)
 .stab          0x0000000000005388      0x2d0 /usr/lib/gcc/avr/4.8.2/../../../avr/lib/avr5/libc.a(dtoa_prf.o)
                                        0xaa4 (size before relaxing)
 .stab          0x0000000000005658      0x2dc /usr/lib/gcc/avr/4.8.2/../../../avr/lib/avr5/libc.a(strtod.o)
                                        0x96c (size before relaxing)
 .stab          0x0000000000005934      0xa38 /usr/lib/gcc/avr/4.8.2/../../../avr/lib/avr5/libc.a(ftoa_engine.o)
                                        0xa44 (size before relaxing)
 .stab          0x000000000000636c       0x18 /usr/lib/gcc/avr/4.8.2/../../../avr/lib/avr5/libc.a(cty_isfalse.o)
                                         0x6c (size before relaxing)
 .stab          0x0000000000006384      0x138 /usr/lib/gcc/avr/4.8.2/../../../avr/lib/avr5/libc.a(strncasecmp_P.o)
                                        0x144 (size before relaxing)
 .stab          0x00000000000064bc       0xd8 /usr/lib/gcc/avr/4.8.2/../../../avr/lib/avr5/libc.a(strrev.o)
                                         0xe4 (size before relaxing)
 .stab          0x0000000000006594      0x270 /usr/lib/gcc/avr/4.8.2/../../../avr/lib/avr5/libc.a(errno.o)
                                        0x27c (size before relaxing)

.stabstr        0x0000000000000000     0x1d1f
 *(.stabstr)
 .stabstr       0x0000000000000000     0x1d1f /usr/lib/gcc/avr/4.8.2/../../../avr/lib/avr5/crtm328p.o

.stab.excl
 *(.stab.excl)

.stab.exclstr
 *(.stab.exclstr)

.stab.index
 *(.stab.index)

.stab.indexstr
 *(.stab.indexstr)

.comment        0x0000000000000000       0x11
 *(.comment)
 .comment       0x0000000000000000       0x11 ./arduino/core/CDC.o
                                         0x12 (size before relaxing)
 .comment       0x0000000000000000       0x12 ./arduino/core/HID.o
 .comment       0x0000000000000000       0x12 ./arduino/core/HardwareSerial.o
 .comment       0x0000000000000000       0x12 ./arduino/core/HardwareSerial0.o
 .comment       0x0000000000000000       0x12 ./arduino/core/HardwareSerial1.o
 .comment       0x0000000000000000       0x12 ./arduino/core/HardwareSerial2.o
 .comment       0x0000000000000000       0x12 ./arduino/core/HardwareSerial3.o
 .comment       0x0000000000000000       0x12 ./arduino/core/IPAddress.o
 .comment       0x0000000000000000       0x12 ./arduino/core/Print.o
 .comment       0x0000000000000000       0x12 ./arduino/core/SPI.o
 .comment       0x0000000000000000       0x12 ./arduino/core/Stream.o
 .comment       0x0000000000000000       0x12 ./arduino/core/Tone.o
 .comment       0x0000000000000000       0x12 ./arduino/core/USBCore.o
 .comment       0x0000000000000000       0x12 ./arduino/core/WInterrupts.o
 .comment       0x0000000000000000       0x12 ./arduino/core/WMath.o
 .comment       0x0000000000000000       0x12 ./arduino/core/WString.o
 .comment       0x0000000000000000       0x12 ./arduino/core/abi.o
 .comment       0x0000000000000000       0x12 ./arduino/core/hooks.o
 .comment       0x0000000000000000       0x12 ./arduino/core/main.o
 .comment       0x0000000000000000       0x12 ./arduino/core/new.o
 .comment       0x0000000000000000       0x12 ./arduino/core/wiring.o
 .comment       0x0000000000000000       0x12 ./arduino/core/wiring_analog.o
 .comment       0x0000000000000000       0x12 ./arduino/core/wiring_digital.o
 .comment       0x0000000000000000       0x12 ./arduino/core/wiring_pulse.o
 .comment       0x0000000000000000       0x12 ./arduino/core/wiring_shift.o
 .comment       0x0000000000000000       0x12 ./MAVLinkInterface/MAVLinkInterface.o
 .comment       0x0000000000000000       0x12 ./MAVLinkInterface/SerialInterface.o
 .comment       0x0000000000000000       0x12 ./MAVLinkInterface/UDPInterface.o
 .comment       0x0000000000000000       0x12 ./IMU/Chinese9DOF.o
 .comment       0x0000000000000000       0x12 ./IMU/IMU.o
 .comment       0x0000000000000000       0x12 ./I2C/I2C.o
 .comment       0x0000000000000000       0x12 ./GPS/GPS.o
 .comment       0x0000000000000000       0x12 ./GPS/SoftwareSerial.o
 .comment       0x0000000000000000       0x12 ./GPS/TinyGPSPlus.o
 .comment       0x0000000000000000       0x12 ./GPS/UBLOX.o
 .comment       0x0000000000000000       0x12 ./Ethernet/utility/socket.o
 .comment       0x0000000000000000       0x12 ./Ethernet/utility/w5100.o
 .comment       0x0000000000000000       0x12 ./Ethernet/Dhcp.o
 .comment       0x0000000000000000       0x12 ./Ethernet/Dns.o
 .comment       0x0000000000000000       0x12 ./Ethernet/Ethernet.o
 .comment       0x0000000000000000       0x12 ./Ethernet/EthernetClient.o
 .comment       0x0000000000000000       0x12 ./Ethernet/EthernetServer.o
 .comment       0x0000000000000000       0x12 ./Ethernet/EthernetUdp.o
 .comment       0x0000000000000000       0x12 ./Battery/Battery.o
 .comment       0x0000000000000000       0x12 ./main.o
 .comment       0x0000000000000000       0x12 /usr/lib/gcc/avr/4.8.2/../../../avr/lib/avr5/libc.a(dtostrf.o)
 .comment       0x0000000000000000       0x12 /usr/lib/gcc/avr/4.8.2/../../../avr/lib/avr5/libc.a(malloc.o)
 .comment       0x0000000000000000       0x12 /usr/lib/gcc/avr/4.8.2/../../../avr/lib/avr5/libc.a(random.o)
 .comment       0x0000000000000000       0x12 /usr/lib/gcc/avr/4.8.2/../../../avr/lib/avr5/libc.a(realloc.o)
 .comment       0x0000000000000000       0x12 /usr/lib/gcc/avr/4.8.2/../../../avr/lib/avr5/libc.a(dtoa_prf.o)
 .comment       0x0000000000000000       0x12 /usr/lib/gcc/avr/4.8.2/../../../avr/lib/avr5/libc.a(strtod.o)
 .comment       0x0000000000000000       0x12 /usr/lib/gcc/avr/4.8.2/../../../avr/lib/avr5/libc.a(errno.o)

.debug
 *(.debug)

.line
 *(.line)

.debug_srcinfo
 *(.debug_srcinfo)

.debug_sfnames
 *(.debug_sfnames)

.debug_aranges
 *(.debug_aranges)

.debug_pubnames
 *(.debug_pubnames)

.debug_info
 *(.debug_info)
 *(.gnu.linkonce.wi.*)

.debug_abbrev
 *(.debug_abbrev)

.debug_line
 *(.debug_line)

.debug_frame
 *(.debug_frame)

.debug_str
 *(.debug_str)

.debug_loc
 *(.debug_loc)

.debug_macinfo
 *(.debug_macinfo)

.debug_pubtypes
 *(.debug_pubtypes)

.debug_ranges
 *(.debug_ranges)

.debug_macro
 *(.debug_macro)
OUTPUT(AVR-Mavlink.elf elf32-avr)
LOAD linker stubs

Cross Reference Table

Symbol                                            File
Battery::Battery()                                ./Battery/Battery.o
                                                  ./main.o
Battery::Battery()                                ./Battery/Battery.o
Battery::get_battery_amperage()                   ./Battery/Battery.o
                                                  ./main.o
Battery::get_battery_remaining()                  ./Battery/Battery.o
                                                  ./main.o
Battery::get_battery_voltage()                    ./Battery/Battery.o
                                                  ./main.o
Battery::~Battery()                               ./Battery/Battery.o
                                                  ./main.o
Battery::~Battery()                               ./Battery/Battery.o
Battery::~Battery()                               ./Battery/Battery.o
Chinese9DOF::Chinese9DOF()                        ./IMU/Chinese9DOF.o
Chinese9DOF::Chinese9DOF()                        ./IMU/Chinese9DOF.o
                                                  ./main.o
Chinese9DOF::get_altitude()                       ./IMU/Chinese9DOF.o
Chinese9DOF::get_pitch()                          ./IMU/Chinese9DOF.o
Chinese9DOF::get_pitch_speed()                    ./IMU/Chinese9DOF.o
Chinese9DOF::get_roll()                           ./IMU/Chinese9DOF.o
Chinese9DOF::get_roll_speed()                     ./IMU/Chinese9DOF.o
Chinese9DOF::get_velocity_x()                     ./IMU/Chinese9DOF.o
Chinese9DOF::get_velocity_y()                     ./IMU/Chinese9DOF.o
Chinese9DOF::get_velocity_z()                     ./IMU/Chinese9DOF.o
Chinese9DOF::get_yaw()                            ./IMU/Chinese9DOF.o
Chinese9DOF::get_yaw_speed()                      ./IMU/Chinese9DOF.o
Chinese9DOF::~Chinese9DOF()                       ./IMU/Chinese9DOF.o
Chinese9DOF::~Chinese9DOF()                       ./IMU/Chinese9DOF.o
                                                  ./main.o
Chinese9DOF::~Chinese9DOF()                       ./IMU/Chinese9DOF.o
DNSClient::BuildRequest(char const*)              ./Ethernet/Dns.o
DNSClient::ProcessResponse(unsigned int, IPAddress&) ./Ethernet/Dns.o
DNSClient::begin(IPAddress const&)                ./Ethernet/Dns.o
                                                  ./Ethernet/EthernetUdp.o
                                                  ./Ethernet/EthernetClient.o
DNSClient::getHostByName(char const*, IPAddress&) ./Ethernet/Dns.o
                                                  ./Ethernet/EthernetUdp.o
                                                  ./Ethernet/EthernetClient.o
DNSClient::inet_aton(char const*, IPAddress&)     ./Ethernet/Dns.o
DhcpClass::beginWithDHCP(unsigned char*, unsigned long, unsigned long) ./Ethernet/Dhcp.o
                                                  ./Ethernet/Ethernet.o
DhcpClass::checkLease()                           ./Ethernet/Dhcp.o
                                                  ./Ethernet/Ethernet.o
DhcpClass::getDhcpServerIp()                      ./Ethernet/Dhcp.o
DhcpClass::getDnsServerIp()                       ./Ethernet/Dhcp.o
                                                  ./Ethernet/Ethernet.o
DhcpClass::getGatewayIp()                         ./Ethernet/Dhcp.o
                                                  ./Ethernet/Ethernet.o
DhcpClass::getLocalIp()                           ./Ethernet/Dhcp.o
                                                  ./Ethernet/Ethernet.o
DhcpClass::getSubnetMask()                        ./Ethernet/Dhcp.o
                                                  ./Ethernet/Ethernet.o
DhcpClass::parseDHCPResponse(unsigned long, unsigned long&) ./Ethernet/Dhcp.o
DhcpClass::presend_DHCP()                         ./Ethernet/Dhcp.o
DhcpClass::printByte(char*, unsigned char)        ./Ethernet/Dhcp.o
DhcpClass::request_DHCP_lease()                   ./Ethernet/Dhcp.o
DhcpClass::reset_DHCP_lease()                     ./Ethernet/Dhcp.o
DhcpClass::send_DHCP_MESSAGE(unsigned char, unsigned int) ./Ethernet/Dhcp.o
Ethernet                                          ./Ethernet/Ethernet.o
                                                  ./Ethernet/EthernetUdp.o
                                                  ./Ethernet/EthernetClient.o
EthernetClass::_server_port                       ./Ethernet/Ethernet.o
                                                  ./Ethernet/EthernetUdp.o
                                                  ./Ethernet/EthernetServer.o
                                                  ./Ethernet/EthernetClient.o
EthernetClass::_state                             ./Ethernet/Ethernet.o
EthernetClass::begin(unsigned char*)              ./Ethernet/Ethernet.o
EthernetClass::begin(unsigned char*, IPAddress)   ./Ethernet/Ethernet.o
EthernetClass::begin(unsigned char*, IPAddress, IPAddress) ./Ethernet/Ethernet.o
EthernetClass::begin(unsigned char*, IPAddress, IPAddress, IPAddress) ./Ethernet/Ethernet.o
EthernetClass::begin(unsigned char*, IPAddress, IPAddress, IPAddress, IPAddress) ./Ethernet/Ethernet.o
EthernetClass::dnsServerIP()                      ./Ethernet/Ethernet.o
                                                  ./Ethernet/EthernetUdp.o
                                                  ./Ethernet/EthernetClient.o
EthernetClass::gatewayIP()                        ./Ethernet/Ethernet.o
EthernetClass::localIP()                          ./Ethernet/Ethernet.o
EthernetClass::maintain()                         ./Ethernet/Ethernet.o
EthernetClass::subnetMask()                       ./Ethernet/Ethernet.o
EthernetClient::EthernetClient()                  ./Ethernet/EthernetClient.o
EthernetClient::EthernetClient()                  ./Ethernet/EthernetClient.o
EthernetClient::EthernetClient(unsigned char)     ./Ethernet/EthernetClient.o
EthernetClient::EthernetClient(unsigned char)     ./Ethernet/EthernetClient.o
                                                  ./Ethernet/EthernetServer.o
EthernetClient::_srcport                          ./Ethernet/EthernetClient.o
EthernetClient::available()                       ./Ethernet/EthernetClient.o
                                                  ./Ethernet/EthernetServer.o
EthernetClient::connect(IPAddress, unsigned int)  ./Ethernet/EthernetClient.o
EthernetClient::connect(char const*, unsigned int) ./Ethernet/EthernetClient.o
EthernetClient::connected()                       ./Ethernet/EthernetClient.o
EthernetClient::flush()                           ./Ethernet/EthernetClient.o
EthernetClient::operator bool()                   ./Ethernet/EthernetClient.o
EthernetClient::operator!=(EthernetClient const&) ./Ethernet/EthernetClient.o
EthernetClient::operator==(EthernetClient const&) ./Ethernet/EthernetClient.o